Archive member included to satisfy reference by file (symbol)

c:/st/stm32cubeide_1.3.0/stm32cubeide/plugins/com.st.stm32cube.ide.mcu.externaltools.gnu-tools-for-stm32.9-2020-q2-update.win32_2.0.0.202105311346/tools/bin/../lib/gcc/arm-none-eabi/9.3.1/../../../../arm-none-eabi/lib/thumb/v7e-m+dp/hard\libc_nano.a(lib_a-errno.o)
                              ./Core/Src/syscalls.o (__errno)
c:/st/stm32cubeide_1.3.0/stm32cubeide/plugins/com.st.stm32cube.ide.mcu.externaltools.gnu-tools-for-stm32.9-2020-q2-update.win32_2.0.0.202105311346/tools/bin/../lib/gcc/arm-none-eabi/9.3.1/../../../../arm-none-eabi/lib/thumb/v7e-m+dp/hard\libc_nano.a(lib_a-exit.o)
                              c:/st/stm32cubeide_1.3.0/stm32cubeide/plugins/com.st.stm32cube.ide.mcu.externaltools.gnu-tools-for-stm32.9-2020-q2-update.win32_2.0.0.202105311346/tools/bin/../lib/gcc/arm-none-eabi/9.3.1/../../../../arm-none-eabi/lib/thumb/v7e-m+dp/hard/crt0.o (exit)
c:/st/stm32cubeide_1.3.0/stm32cubeide/plugins/com.st.stm32cube.ide.mcu.externaltools.gnu-tools-for-stm32.9-2020-q2-update.win32_2.0.0.202105311346/tools/bin/../lib/gcc/arm-none-eabi/9.3.1/../../../../arm-none-eabi/lib/thumb/v7e-m+dp/hard\libc_nano.a(lib_a-impure.o)
                              c:/st/stm32cubeide_1.3.0/stm32cubeide/plugins/com.st.stm32cube.ide.mcu.externaltools.gnu-tools-for-stm32.9-2020-q2-update.win32_2.0.0.202105311346/tools/bin/../lib/gcc/arm-none-eabi/9.3.1/../../../../arm-none-eabi/lib/thumb/v7e-m+dp/hard\libc_nano.a(lib_a-exit.o) (_global_impure_ptr)
c:/st/stm32cubeide_1.3.0/stm32cubeide/plugins/com.st.stm32cube.ide.mcu.externaltools.gnu-tools-for-stm32.9-2020-q2-update.win32_2.0.0.202105311346/tools/bin/../lib/gcc/arm-none-eabi/9.3.1/../../../../arm-none-eabi/lib/thumb/v7e-m+dp/hard\libc_nano.a(lib_a-init.o)
                              c:/st/stm32cubeide_1.3.0/stm32cubeide/plugins/com.st.stm32cube.ide.mcu.externaltools.gnu-tools-for-stm32.9-2020-q2-update.win32_2.0.0.202105311346/tools/bin/../lib/gcc/arm-none-eabi/9.3.1/../../../../arm-none-eabi/lib/thumb/v7e-m+dp/hard/crt0.o (__libc_init_array)
c:/st/stm32cubeide_1.3.0/stm32cubeide/plugins/com.st.stm32cube.ide.mcu.externaltools.gnu-tools-for-stm32.9-2020-q2-update.win32_2.0.0.202105311346/tools/bin/../lib/gcc/arm-none-eabi/9.3.1/../../../../arm-none-eabi/lib/thumb/v7e-m+dp/hard\libc_nano.a(lib_a-memcpy-stub.o)
                              ./Core/Src/main.o (memcpy)
c:/st/stm32cubeide_1.3.0/stm32cubeide/plugins/com.st.stm32cube.ide.mcu.externaltools.gnu-tools-for-stm32.9-2020-q2-update.win32_2.0.0.202105311346/tools/bin/../lib/gcc/arm-none-eabi/9.3.1/../../../../arm-none-eabi/lib/thumb/v7e-m+dp/hard\libc_nano.a(lib_a-memset.o)
                              c:/st/stm32cubeide_1.3.0/stm32cubeide/plugins/com.st.stm32cube.ide.mcu.externaltools.gnu-tools-for-stm32.9-2020-q2-update.win32_2.0.0.202105311346/tools/bin/../lib/gcc/arm-none-eabi/9.3.1/../../../../arm-none-eabi/lib/thumb/v7e-m+dp/hard/crt0.o (memset)
c:/st/stm32cubeide_1.3.0/stm32cubeide/plugins/com.st.stm32cube.ide.mcu.externaltools.gnu-tools-for-stm32.9-2020-q2-update.win32_2.0.0.202105311346/tools/bin/../lib/gcc/arm-none-eabi/9.3.1/../../../../arm-none-eabi/lib/thumb/v7e-m+dp/hard\libc_nano.a(lib_a-strlen.o)
                              ./Core/Src/main.o (strlen)
c:/st/stm32cubeide_1.3.0/stm32cubeide/plugins/com.st.stm32cube.ide.mcu.externaltools.gnu-tools-for-stm32.9-2020-q2-update.win32_2.0.0.202105311346/tools/bin/../lib/gcc/arm-none-eabi/9.3.1/thumb/v7e-m+dp/hard\libgcc.a(_aeabi_uldivmod.o)
                              ./Drivers/STM32H7xx_HAL_Driver/Src/stm32h7xx_hal_uart.o (__aeabi_uldivmod)
c:/st/stm32cubeide_1.3.0/stm32cubeide/plugins/com.st.stm32cube.ide.mcu.externaltools.gnu-tools-for-stm32.9-2020-q2-update.win32_2.0.0.202105311346/tools/bin/../lib/gcc/arm-none-eabi/9.3.1/thumb/v7e-m+dp/hard\libgcc.a(_udivmoddi4.o)
                              c:/st/stm32cubeide_1.3.0/stm32cubeide/plugins/com.st.stm32cube.ide.mcu.externaltools.gnu-tools-for-stm32.9-2020-q2-update.win32_2.0.0.202105311346/tools/bin/../lib/gcc/arm-none-eabi/9.3.1/thumb/v7e-m+dp/hard\libgcc.a(_aeabi_uldivmod.o) (__udivmoddi4)
c:/st/stm32cubeide_1.3.0/stm32cubeide/plugins/com.st.stm32cube.ide.mcu.externaltools.gnu-tools-for-stm32.9-2020-q2-update.win32_2.0.0.202105311346/tools/bin/../lib/gcc/arm-none-eabi/9.3.1/thumb/v7e-m+dp/hard\libgcc.a(_dvmd_tls.o)
                              c:/st/stm32cubeide_1.3.0/stm32cubeide/plugins/com.st.stm32cube.ide.mcu.externaltools.gnu-tools-for-stm32.9-2020-q2-update.win32_2.0.0.202105311346/tools/bin/../lib/gcc/arm-none-eabi/9.3.1/thumb/v7e-m+dp/hard\libgcc.a(_aeabi_uldivmod.o) (__aeabi_ldiv0)

Allocating common symbols
Common symbol       size              file

hi2c4               0x4c              ./Core/Src/main.o
huart3              0x90              ./Core/Src/main.o
abSTM32CAN_TransitionToErrorPassive
                    0x8               ./Core/Src/STM32CAN_ContollerAreaNetwork.o
hi2c1               0x4c              ./Core/Src/main.o
[...]
Memory Configuration

Name             Origin             Length             Attributes
FLASH            0x0000000008000000 0x0000000000200000 xr
DTCMRAM          0x0000000020000000 0x0000000000020000 xrw
RAM_D1           0x0000000024000000 0x0000000000080000 xrw
RAM_D2           0x0000000030000000 0x0000000000048000 xrw
RAM_D3           0x0000000038000000 0x0000000000010000 xrw
ITCMRAM          0x0000000000000000 0x0000000000010000 xrw
*default*        0x0000000000000000 0xffffffffffffffff

Linker script and memory map

LOAD c:/st/stm32cubeide_1.3.0/stm32cubeide/plugins/com.st.stm32cube.ide.mcu.externaltools.gnu-tools-for-stm32.9-2020-q2-update.win32_2.0.0.202105311346/tools/bin/../lib/gcc/arm-none-eabi/9.3.1/thumb/v7e-m+dp/hard/crti.o
LOAD c:/st/stm32cubeide_1.3.0/stm32cubeide/plugins/com.st.stm32cube.ide.mcu.externaltools.gnu-tools-for-stm32.9-2020-q2-update.win32_2.0.0.202105311346/tools/bin/../lib/gcc/arm-none-eabi/9.3.1/thumb/v7e-m+dp/hard/crtbegin.o
LOAD c:/st/stm32cubeide_1.3.0/stm32cubeide/plugins/com.st.stm32cube.ide.mcu.externaltools.gnu-tools-for-stm32.9-2020-q2-update.win32_2.0.0.202105311346/tools/bin/../lib/gcc/arm-none-eabi/9.3.1/../../../../arm-none-eabi/lib/thumb/v7e-m+dp/hard/crt0.o
LOAD ./Core/Src/STM32CAN_ContollerAreaNetwork.o
LOAD ./Core/Src/main.o
LOAD ./Core/Src/stm32h7xx_hal_msp.o
LOAD ./Core/Src/stm32h7xx_it.o
LOAD ./Core/Src/syscalls.o
LOAD ./Core/Src/sysmem.o
LOAD ./Core/Src/system_stm32h7xx.o
LOAD ./Core/Startup/startup_stm32h753zitx.o
LOAD ./Drivers/STM32H7xx_HAL_Driver/Src/stm32h7xx_hal.o
LOAD ./Drivers/STM32H7xx_HAL_Driver/Src/stm32h7xx_hal_adc.o
LOAD ./Drivers/STM32H7xx_HAL_Driver/Src/stm32h7xx_hal_adc_ex.o
LOAD ./Drivers/STM32H7xx_HAL_Driver/Src/stm32h7xx_hal_cortex.o
LOAD ./Drivers/STM32H7xx_HAL_Driver/Src/stm32h7xx_hal_dma.o
LOAD ./Drivers/STM32H7xx_HAL_Driver/Src/stm32h7xx_hal_dma_ex.o
LOAD ./Drivers/STM32H7xx_HAL_Driver/Src/stm32h7xx_hal_exti.o
LOAD ./Drivers/STM32H7xx_HAL_Driver/Src/stm32h7xx_hal_fdcan.o
LOAD ./Drivers/STM32H7xx_HAL_Driver/Src/stm32h7xx_hal_flash.o
LOAD ./Drivers/STM32H7xx_HAL_Driver/Src/stm32h7xx_hal_flash_ex.o
LOAD ./Drivers/STM32H7xx_HAL_Driver/Src/stm32h7xx_hal_gpio.o
LOAD ./Drivers/STM32H7xx_HAL_Driver/Src/stm32h7xx_hal_hsem.o
LOAD ./Drivers/STM32H7xx_HAL_Driver/Src/stm32h7xx_hal_i2c.o
LOAD ./Drivers/STM32H7xx_HAL_Driver/Src/stm32h7xx_hal_i2c_ex.o
LOAD ./Drivers/STM32H7xx_HAL_Driver/Src/stm32h7xx_hal_mdma.o
LOAD ./Drivers/STM32H7xx_HAL_Driver/Src/stm32h7xx_hal_pwr.o
LOAD ./Drivers/STM32H7xx_HAL_Driver/Src/stm32h7xx_hal_pwr_ex.o
LOAD ./Drivers/STM32H7xx_HAL_Driver/Src/stm32h7xx_hal_rcc.o
LOAD ./Drivers/STM32H7xx_HAL_Driver/Src/stm32h7xx_hal_rcc_ex.o
LOAD ./Drivers/STM32H7xx_HAL_Driver/Src/stm32h7xx_hal_rtc.o
LOAD ./Drivers/STM32H7xx_HAL_Driver/Src/stm32h7xx_hal_rtc_ex.o
LOAD ./Drivers/STM32H7xx_HAL_Driver/Src/stm32h7xx_hal_spi.o
LOAD ./Drivers/STM32H7xx_HAL_Driver/Src/stm32h7xx_hal_spi_ex.o
LOAD ./Drivers/STM32H7xx_HAL_Driver/Src/stm32h7xx_hal_sram.o
LOAD ./Drivers/STM32H7xx_HAL_Driver/Src/stm32h7xx_hal_tim.o
LOAD ./Drivers/STM32H7xx_HAL_Driver/Src/stm32h7xx_hal_tim_ex.o
LOAD ./Drivers/STM32H7xx_HAL_Driver/Src/stm32h7xx_hal_uart.o
LOAD ./Drivers/STM32H7xx_HAL_Driver/Src/stm32h7xx_hal_uart_ex.o
LOAD ./Drivers/STM32H7xx_HAL_Driver/Src/stm32h7xx_ll_fmc.o
START GROUP
LOAD c:/st/stm32cubeide_1.3.0/stm32cubeide/plugins/com.st.stm32cube.ide.mcu.externaltools.gnu-tools-for-stm32.9-2020-q2-update.win32_2.0.0.202105311346/tools/bin/../lib/gcc/arm-none-eabi/9.3.1/../../../../arm-none-eabi/lib/thumb/v7e-m+dp/hard\libc_nano.a
LOAD c:/st/stm32cubeide_1.3.0/stm32cubeide/plugins/com.st.stm32cube.ide.mcu.externaltools.gnu-tools-for-stm32.9-2020-q2-update.win32_2.0.0.202105311346/tools/bin/../lib/gcc/arm-none-eabi/9.3.1/../../../../arm-none-eabi/lib/thumb/v7e-m+dp/hard\libm.a
END GROUP
START GROUP
LOAD c:/st/stm32cubeide_1.3.0/stm32cubeide/plugins/com.st.stm32cube.ide.mcu.externaltools.gnu-tools-for-stm32.9-2020-q2-update.win32_2.0.0.202105311346/tools/bin/../lib/gcc/arm-none-eabi/9.3.1/thumb/v7e-m+dp/hard\libgcc.a
LOAD c:/st/stm32cubeide_1.3.0/stm32cubeide/plugins/com.st.stm32cube.ide.mcu.externaltools.gnu-tools-for-stm32.9-2020-q2-update.win32_2.0.0.202105311346/tools/bin/../lib/gcc/arm-none-eabi/9.3.1/../../../../arm-none-eabi/lib/thumb/v7e-m+dp/hard\libc_nano.a
END GROUP
START GROUP
LOAD c:/st/stm32cubeide_1.3.0/stm32cubeide/plugins/com.st.stm32cube.ide.mcu.externaltools.gnu-tools-for-stm32.9-2020-q2-update.win32_2.0.0.202105311346/tools/bin/../lib/gcc/arm-none-eabi/9.3.1/thumb/v7e-m+dp/hard\libgcc.a
LOAD c:/st/stm32cubeide_1.3.0/stm32cubeide/plugins/com.st.stm32cube.ide.mcu.externaltools.gnu-tools-for-stm32.9-2020-q2-update.win32_2.0.0.202105311346/tools/bin/../lib/gcc/arm-none-eabi/9.3.1/../../../../arm-none-eabi/lib/thumb/v7e-m+dp/hard\libc_nano.a
LOAD c:/st/stm32cubeide_1.3.0/stm32cubeide/plugins/com.st.stm32cube.ide.mcu.externaltools.gnu-tools-for-stm32.9-2020-q2-update.win32_2.0.0.202105311346/tools/bin/../lib/gcc/arm-none-eabi/9.3.1/../../../../arm-none-eabi/lib/thumb/v7e-m+dp/hard\libnosys.a
END GROUP
START GROUP
LOAD c:/st/stm32cubeide_1.3.0/stm32cubeide/plugins/com.st.stm32cube.ide.mcu.externaltools.gnu-tools-for-stm32.9-2020-q2-update.win32_2.0.0.202105311346/tools/bin/../lib/gcc/arm-none-eabi/9.3.1/thumb/v7e-m+dp/hard\libgcc.a
LOAD c:/st/stm32cubeide_1.3.0/stm32cubeide/plugins/com.st.stm32cube.ide.mcu.externaltools.gnu-tools-for-stm32.9-2020-q2-update.win32_2.0.0.202105311346/tools/bin/../lib/gcc/arm-none-eabi/9.3.1/../../../../arm-none-eabi/lib/thumb/v7e-m+dp/hard\libc_nano.a
LOAD c:/st/stm32cubeide_1.3.0/stm32cubeide/plugins/com.st.stm32cube.ide.mcu.externaltools.gnu-tools-for-stm32.9-2020-q2-update.win32_2.0.0.202105311346/tools/bin/../lib/gcc/arm-none-eabi/9.3.1/../../../../arm-none-eabi/lib/thumb/v7e-m+dp/hard\libnosys.a
END GROUP
LOAD c:/st/stm32cubeide_1.3.0/stm32cubeide/plugins/com.st.stm32cube.ide.mcu.externaltools.gnu-tools-for-stm32.9-2020-q2-update.win32_2.0.0.202105311346/tools/bin/../lib/gcc/arm-none-eabi/9.3.1/thumb/v7e-m+dp/hard/crtend.o
LOAD c:/st/stm32cubeide_1.3.0/stm32cubeide/plugins/com.st.stm32cube.ide.mcu.externaltools.gnu-tools-for-stm32.9-2020-q2-update.win32_2.0.0.202105311346/tools/bin/../lib/gcc/arm-none-eabi/9.3.1/thumb/v7e-m+dp/hard/crtn.o
                0x0000000024080000                _estack = (ORIGIN (RAM_D1) + LENGTH (RAM_D1))
                0x0000000000000200                _Min_Heap_Size = 0x200
                0x0000000000000400                _Min_Stack_Size = 0x400

.isr_vector     0x0000000008000000      0x298
                0x0000000008000000                . = ALIGN (0x4)
 *(.isr_vector)
 .isr_vector    0x0000000008000000      0x298 ./Core/Startup/startup_stm32h753zitx.o
                0x0000000008000000                g_pfnVectors
                0x0000000008000298                . = ALIGN (0x4)

.text           0x0000000008000298     0x7004
                0x0000000008000298                . = ALIGN (0x4)
 *(.text)
 .text          0x0000000008000298       0x40 c:/st/stm32cubeide_1.3.0/stm32cubeide/plugins/com.st.stm32cube.ide.mcu.externaltools.gnu-tools-for-stm32.9-2020-q2-update.win32_2.0.0.202105311346/tools/bin/../lib/gcc/arm-none-eabi/9.3.1/thumb/v7e-m+dp/hard/crtbegin.o
 .text          0x00000000080002d8       0x10 c:/st/stm32cubeide_1.3.0/stm32cubeide/plugins/com.st.stm32cube.ide.mcu.externaltools.gnu-tools-for-stm32.9-2020-q2-update.win32_2.0.0.202105311346/tools/bin/../lib/gcc/arm-none-eabi/9.3.1/../../../../arm-none-eabi/lib/thumb/v7e-m+dp/hard\libc_nano.a(lib_a-strlen.o)
                0x00000000080002d8                strlen
 .text          0x00000000080002e8       0x30 c:/st/stm32cubeide_1.3.0/stm32cubeide/plugins/com.st.stm32cube.ide.mcu.externaltools.gnu-tools-for-stm32.9-2020-q2-update.win32_2.0.0.202105311346/tools/bin/../lib/gcc/arm-none-eabi/9.3.1/thumb/v7e-m+dp/hard\libgcc.a(_aeabi_uldivmod.o)
                0x00000000080002e8                __aeabi_uldivmod
 .text          0x0000000008000318      0x2c4 c:/st/stm32cubeide_1.3.0/stm32cubeide/plugins/com.st.stm32cube.ide.mcu.externaltools.gnu-tools-for-stm32.9-2020-q2-update.win32_2.0.0.202105311346/tools/bin/../lib/gcc/arm-none-eabi/9.3.1/thumb/v7e-m+dp/hard\libgcc.a(_udivmoddi4.o)
                0x0000000008000318                __udivmoddi4
 .text          0x00000000080005dc        0x4 c:/st/stm32cubeide_1.3.0/stm32cubeide/plugins/com.st.stm32cube.ide.mcu.externaltools.gnu-tools-for-stm32.9-2020-q2-update.win32_2.0.0.202105311346/tools/bin/../lib/gcc/arm-none-eabi/9.3.1/thumb/v7e-m+dp/hard\libgcc.a(_dvmd_tls.o)
                0x00000000080005dc                __aeabi_idiv0
                0x00000000080005dc                __aeabi_ldiv0
 *(.text*)
 .text.STM32CAN_Initialise
                0x00000000080005e0      0x1c0 ./Core/Src/STM32CAN_ContollerAreaNetwork.o
                0x00000000080005e0                STM32CAN_Initialise
 .text.STM32CAN_Transmit
                0x00000000080007a0      0x1f4 ./Core/Src/STM32CAN_ContollerAreaNetwork.o
                0x00000000080007a0                STM32CAN_Transmit
 .text.STM32CAN_Receive
                0x0000000008000994       0xe4 ./Core/Src/STM32CAN_ContollerAreaNetwork.o
                0x0000000008000994                STM32CAN_Receive
 .text.STM32CAN_Flush
                0x0000000008000a78       0x70 ./Core/Src/STM32CAN_ContollerAreaNetwork.o
                0x0000000008000a78                STM32CAN_Flush
 .text.STM32CAN_Connect
                0x0000000008000ae8       0x78 ./Core/Src/STM32CAN_ContollerAreaNetwork.o
                0x0000000008000ae8                STM32CAN_Connect
 .text.STM32CAN_RegisterCallbacks
                0x0000000008000b60       0xd0 ./Core/Src/STM32CAN_ContollerAreaNetwork.o
                0x0000000008000b60                STM32CAN_RegisterCallbacks
 .text.EH_Exception
                0x0000000008000c30       0x28 ./Core/Src/STM32CAN_ContollerAreaNetwork.o
                0x0000000008000c30                EH_Exception
 .text.main     0x0000000008000c58      0x3c4 ./Core/Src/main.o
                0x0000000008000c58                main
 .text.CAN1_ISR
                0x000000000800101c       0x88 ./Core/Src/main.o
                0x000000000800101c                CAN1_ISR
 .text.CAN2_ISR
                0x00000000080010a4       0x88 ./Core/Src/main.o
                0x00000000080010a4                CAN2_ISR
 .text.MRAM_CSTest
                0x000000000800112c      0x19c ./Core/Src/main.o
 .text.UART_Test
                0x00000000080012c8       0xb0 ./Core/Src/main.o
 .text.LVDS_DR_To_MOSI_Test
                0x0000000008001378       0x20 ./Core/Src/main.o
 .text.LVDS_DR_To_NSS_Test
                0x0000000008001398       0x1c ./Core/Src/main.o
 .text.LVDS_DR_To_SCK_Test
                0x00000000080013b4       0x1c ./Core/Src/main.o
 .text.LVDS_EXTI9_To_MOSI_Test
                0x00000000080013d0       0x20 ./Core/Src/main.o
 .text.LVDS_EXTI9_To_NSS_Test
                0x00000000080013f0       0x1c ./Core/Src/main.o
 .text.LVDS_EXTI9_To_SCK_Test
                0x000000000800140c       0x1c ./Core/Src/main.o
 .text.LoopBackIoTest
                0x0000000008001428       0x78 ./Core/Src/main.o
 .text.GPIO_Test
                0x00000000080014a0      0x208 ./Core/Src/main.o
 .text.ANALOGUE_Test
                0x00000000080016a8      0x12c ./Core/Src/main.o
 .text.PPS_Test
                0x00000000080017d4       0x7c ./Core/Src/main.o
                0x00000000080017d4                PPS_Test
 .text.MRAM_WriteTest
                0x0000000008001850       0xe8 ./Core/Src/main.o
                0x0000000008001850                MRAM_WriteTest
 .text.MRAM_ReadTest
                0x0000000008001938      0x128 ./Core/Src/main.o
                0x0000000008001938                MRAM_ReadTest
 .text.SystemClock_Config
                0x0000000008001a60      0x140 ./Core/Src/main.o
                0x0000000008001a60                SystemClock_Config
 .text.MX_RTC_Init
                0x0000000008001ba0       0x64 ./Core/Src/main.o
 .text.MX_UART4_Init
                0x0000000008001c04       0x98 ./Core/Src/main.o
 .text.MX_USART2_UART_Init
                0x0000000008001c9c       0x98 ./Core/Src/main.o
 .text.MX_USART3_UART_Init
                0x0000000008001d34       0x98 ./Core/Src/main.o
 .text.MX_FMC_Init
                0x0000000008001dcc       0xc4 ./Core/Src/main.o
 .text.MX_GPIO_Init
                0x0000000008001e90      0x50c ./Core/Src/main.o
 .text.Error_Handler
                0x000000000800239c        0xa ./Core/Src/main.o
                0x000000000800239c                Error_Handler
 *fill*         0x00000000080023a6        0x2 
 .text.HAL_MspInit
                0x00000000080023a8       0x58 ./Core/Src/stm32h7xx_hal_msp.o
                0x00000000080023a8                HAL_MspInit
 .text.HAL_RTC_MspInit
                0x0000000008002400       0x60 ./Core/Src/stm32h7xx_hal_msp.o
                0x0000000008002400                HAL_RTC_MspInit
 .text.HAL_UART_MspInit
                0x0000000008002460      0x1f8 ./Core/Src/stm32h7xx_hal_msp.o
                0x0000000008002460                HAL_UART_MspInit
 .text.HAL_FMC_MspInit
                0x0000000008002658      0x170 ./Core/Src/stm32h7xx_hal_msp.o
 .text.HAL_SRAM_MspInit
                0x00000000080027c8       0x14 ./Core/Src/stm32h7xx_hal_msp.o
                0x00000000080027c8                HAL_SRAM_MspInit
 .text.NMI_Handler
                0x00000000080027dc        0x6 ./Core/Src/stm32h7xx_it.o
                0x00000000080027dc                NMI_Handler
 .text.HardFault_Handler
                0x00000000080027e2        0x6 ./Core/Src/stm32h7xx_it.o
                0x00000000080027e2                HardFault_Handler
 .text.MemManage_Handler
                0x00000000080027e8        0x6 ./Core/Src/stm32h7xx_it.o
                0x00000000080027e8                MemManage_Handler
 .text.BusFault_Handler
                0x00000000080027ee        0x6 ./Core/Src/stm32h7xx_it.o
                0x00000000080027ee                BusFault_Handler
 .text.UsageFault_Handler
                0x00000000080027f4        0x6 ./Core/Src/stm32h7xx_it.o
                0x00000000080027f4                UsageFault_Handler
 .text.SVC_Handler
                0x00000000080027fa        0xe ./Core/Src/stm32h7xx_it.o
                0x00000000080027fa                SVC_Handler
 .text.DebugMon_Handler
                0x0000000008002808        0xe ./Core/Src/stm32h7xx_it.o
                0x0000000008002808                DebugMon_Handler
 .text.PendSV_Handler
                0x0000000008002816        0xe ./Core/Src/stm32h7xx_it.o
                0x0000000008002816                PendSV_Handler
 .text.SysTick_Handler
                0x0000000008002824        0xc ./Core/Src/stm32h7xx_it.o
                0x0000000008002824                SysTick_Handler
 .text.FDCAN1_IT0_IRQHandler
                0x0000000008002830        0xc ./Core/Src/stm32h7xx_it.o
                0x0000000008002830                FDCAN1_IT0_IRQHandler
 .text.FDCAN2_IT0_IRQHandler
                0x000000000800283c        0xc ./Core/Src/stm32h7xx_it.o
                0x000000000800283c                FDCAN2_IT0_IRQHandler
 .text.FDCAN1_IT1_IRQHandler
                0x0000000008002848        0xc ./Core/Src/stm32h7xx_it.o
                0x0000000008002848                FDCAN1_IT1_IRQHandler
 .text.FDCAN2_IT1_IRQHandler
                0x0000000008002854        0xc ./Core/Src/stm32h7xx_it.o
                0x0000000008002854                FDCAN2_IT1_IRQHandler
 .text.SystemInit
                0x0000000008002860      0x110 ./Core/Src/system_stm32h7xx.o
                0x0000000008002860                SystemInit
 .text.Reset_Handler
                0x0000000008002970       0x50 ./Core/Startup/startup_stm32h753zitx.o
                0x0000000008002970                Reset_Handler
 .text.Default_Handler
                0x00000000080029c0        0x2 ./Core/Startup/startup_stm32h753zitx.o
                0x00000000080029c0                RTC_Alarm_IRQHandler
                0x00000000080029c0                HASH_RNG_IRQHandler
                0x00000000080029c0                EXTI2_IRQHandler
                0x00000000080029c0                TIM8_CC_IRQHandler
                0x00000000080029c0                HRTIM1_Master_IRQHandler
                0x00000000080029c0                UART8_IRQHandler
                0x00000000080029c0                SPI4_IRQHandler
                0x00000000080029c0                TIM1_CC_IRQHandler
                0x00000000080029c0                BDMA_Channel6_IRQHandler
                0x00000000080029c0                DMA2_Stream5_IRQHandler
                0x00000000080029c0                HRTIM1_FLT_IRQHandler
                0x00000000080029c0                JPEG_IRQHandler
                0x00000000080029c0                DMA1_Stream5_IRQHandler
                0x00000000080029c0                BDMA_Channel1_IRQHandler
                0x00000000080029c0                HRTIM1_TIMD_IRQHandler
                0x00000000080029c0                TAMP_STAMP_IRQHandler
                0x00000000080029c0                EXTI3_IRQHandler
                0x00000000080029c0                LPTIM4_IRQHandler
                0x00000000080029c0                TIM8_TRG_COM_TIM14_IRQHandler
                0x00000000080029c0                LPTIM2_IRQHandler
                0x00000000080029c0                DFSDM1_FLT1_IRQHandler
                0x00000000080029c0                DMAMUX2_OVR_IRQHandler
                0x00000000080029c0                TIM8_UP_TIM13_IRQHandler
                0x00000000080029c0                I2C3_ER_IRQHandler
                0x00000000080029c0                DFSDM1_FLT2_IRQHandler
                0x00000000080029c0                MDMA_IRQHandler
                0x00000000080029c0                LPTIM3_IRQHandler
                0x00000000080029c0                HSEM1_IRQHandler
                0x00000000080029c0                EXTI0_IRQHandler
                0x00000000080029c0                I2C2_EV_IRQHandler
                0x00000000080029c0                DMA1_Stream2_IRQHandler
                0x00000000080029c0                FPU_IRQHandler
                0x00000000080029c0                OTG_HS_WKUP_IRQHandler
                0x00000000080029c0                LTDC_ER_IRQHandler
                0x00000000080029c0                DMA2_Stream2_IRQHandler
                0x00000000080029c0                HRTIM1_TIME_IRQHandler
                0x00000000080029c0                SPI1_IRQHandler
                0x00000000080029c0                TIM6_DAC_IRQHandler
                0x00000000080029c0                DCMI_IRQHandler
                0x00000000080029c0                HRTIM1_TIMC_IRQHandler
                0x00000000080029c0                DMA2_Stream3_IRQHandler
                0x00000000080029c0                SAI2_IRQHandler
                0x00000000080029c0                DFSDM1_FLT3_IRQHandler
                0x00000000080029c0                USART6_IRQHandler
                0x00000000080029c0                TIM17_IRQHandler
                0x00000000080029c0                USART3_IRQHandler
                0x00000000080029c0                BDMA_Channel7_IRQHandler
                0x00000000080029c0                CRYP_IRQHandler
                0x00000000080029c0                LPTIM5_IRQHandler
                0x00000000080029c0                UART5_IRQHandler
                0x00000000080029c0                ADC3_IRQHandler
                0x00000000080029c0                DMA2_Stream0_IRQHandler
                0x00000000080029c0                TIM4_IRQHandler
                0x00000000080029c0                BDMA_Channel2_IRQHandler
                0x00000000080029c0                QUADSPI_IRQHandler
                0x00000000080029c0                I2C1_EV_IRQHandler
                0x00000000080029c0                DMA1_Stream6_IRQHandler
                0x00000000080029c0                DMAMUX1_OVR_IRQHandler
                0x00000000080029c0                DMA1_Stream1_IRQHandler
                0x00000000080029c0                TIM16_IRQHandler
                0x00000000080029c0                UART4_IRQHandler
                0x00000000080029c0                BDMA_Channel5_IRQHandler
                0x00000000080029c0                TIM3_IRQHandler
                0x00000000080029c0                RCC_IRQHandler
                0x00000000080029c0                TIM8_BRK_TIM12_IRQHandler
                0x00000000080029c0                TIM1_TRG_COM_IRQHandler
                0x00000000080029c0                Default_Handler
                0x00000000080029c0                ECC_IRQHandler
                0x00000000080029c0                CEC_IRQHandler
                0x00000000080029c0                EXTI15_10_IRQHandler
                0x00000000080029c0                BDMA_Channel0_IRQHandler
                0x00000000080029c0                ADC_IRQHandler
                0x00000000080029c0                DMA1_Stream7_IRQHandler
                0x00000000080029c0                HRTIM1_TIMA_IRQHandler
                0x00000000080029c0                SPI5_IRQHandler
                0x00000000080029c0                TIM7_IRQHandler
                0x00000000080029c0                SDMMC1_IRQHandler
                0x00000000080029c0                TIM5_IRQHandler
                0x00000000080029c0                DMA2_Stream7_IRQHandler
                0x00000000080029c0                TIM15_IRQHandler
                0x00000000080029c0                PVD_AVD_IRQHandler
                0x00000000080029c0                I2C3_EV_IRQHandler
                0x00000000080029c0                EXTI9_5_IRQHandler
                0x00000000080029c0                RTC_WKUP_IRQHandler
                0x00000000080029c0                LTDC_IRQHandler
                0x00000000080029c0                SAI3_IRQHandler
                0x00000000080029c0                ETH_WKUP_IRQHandler
                0x00000000080029c0                SPDIF_RX_IRQHandler
                0x00000000080029c0                SPI2_IRQHandler
                0x00000000080029c0                OTG_HS_EP1_IN_IRQHandler
                0x00000000080029c0                DMA1_Stream0_IRQHandler
                0x00000000080029c0                CRS_IRQHandler
                0x00000000080029c0                EXTI4_IRQHandler
                0x00000000080029c0                HRTIM1_TIMB_IRQHandler
                0x00000000080029c0                ETH_IRQHandler
                0x00000000080029c0                TIM1_UP_IRQHandler
                0x00000000080029c0                BDMA_Channel4_IRQHandler
                0x00000000080029c0                OTG_HS_EP1_OUT_IRQHandler
                0x00000000080029c0                WWDG_IRQHandler
                0x00000000080029c0                SPI6_IRQHandler
                0x00000000080029c0                MDIOS_IRQHandler
                0x00000000080029c0                I2C4_EV_IRQHandler
                0x00000000080029c0                LPUART1_IRQHandler
                0x00000000080029c0                TIM2_IRQHandler
                0x00000000080029c0                OTG_FS_WKUP_IRQHandler
                0x00000000080029c0                OTG_HS_IRQHandler
                0x00000000080029c0                DMA2D_IRQHandler
                0x00000000080029c0                TIM1_BRK_IRQHandler
                0x00000000080029c0                EXTI1_IRQHandler
                0x00000000080029c0                SDMMC2_IRQHandler
                0x00000000080029c0                OTG_FS_EP1_OUT_IRQHandler
                0x00000000080029c0                BDMA_Channel3_IRQHandler
                0x00000000080029c0                UART7_IRQHandler
                0x00000000080029c0                MDIOS_WKUP_IRQHandler
                0x00000000080029c0                USART2_IRQHandler
                0x00000000080029c0                DFSDM1_FLT0_IRQHandler
                0x00000000080029c0                SAI4_IRQHandler
                0x00000000080029c0                I2C2_ER_IRQHandler
                0x00000000080029c0                DMA2_Stream1_IRQHandler
                0x00000000080029c0                FLASH_IRQHandler
                0x00000000080029c0                DMA2_Stream4_IRQHandler
                0x00000000080029c0                USART1_IRQHandler
                0x00000000080029c0                OTG_FS_IRQHandler
                0x00000000080029c0                SPI3_IRQHandler
                0x00000000080029c0                WAKEUP_PIN_IRQHandler
                0x00000000080029c0                DMA1_Stream4_IRQHandler
                0x00000000080029c0                OTG_FS_EP1_IN_IRQHandler
                0x00000000080029c0                I2C1_ER_IRQHandler
                0x00000000080029c0                FMC_IRQHandler
                0x00000000080029c0                FDCAN_CAL_IRQHandler
                0x00000000080029c0                SWPMI1_IRQHandler
                0x00000000080029c0                COMP1_IRQHandler
                0x00000000080029c0                LPTIM1_IRQHandler
                0x00000000080029c0                I2C4_ER_IRQHandler
                0x00000000080029c0                DMA2_Stream6_IRQHandler
                0x00000000080029c0                SAI1_IRQHandler
                0x00000000080029c0                DMA1_Stream3_IRQHandler
 *fill*         0x00000000080029c2        0x2 
 .text.HAL_Init
                0x00000000080029c4       0x78 ./Drivers/STM32H7xx_HAL_Driver/Src/stm32h7xx_hal.o
                0x00000000080029c4                HAL_Init
 .text.HAL_InitTick
                0x0000000008002a3c       0x6c ./Drivers/STM32H7xx_HAL_Driver/Src/stm32h7xx_hal.o
                0x0000000008002a3c                HAL_InitTick
 .text.HAL_IncTick
                0x0000000008002aa8       0x28 ./Drivers/STM32H7xx_HAL_Driver/Src/stm32h7xx_hal.o
                0x0000000008002aa8                HAL_IncTick
 .text.HAL_GetTick
                0x0000000008002ad0       0x18 ./Drivers/STM32H7xx_HAL_Driver/Src/stm32h7xx_hal.o
                0x0000000008002ad0                HAL_GetTick
 .text.HAL_Delay
                0x0000000008002ae8       0x48 ./Drivers/STM32H7xx_HAL_Driver/Src/stm32h7xx_hal.o
                0x0000000008002ae8                HAL_Delay
 .text.HAL_GetREVID
                0x0000000008002b30       0x18 ./Drivers/STM32H7xx_HAL_Driver/Src/stm32h7xx_hal.o
                0x0000000008002b30                HAL_GetREVID
 .text.HAL_SYSCFG_VREFBUF_HighImpedanceConfig
                0x0000000008002b48       0x28 ./Drivers/STM32H7xx_HAL_Driver/Src/stm32h7xx_hal.o
                0x0000000008002b48                HAL_SYSCFG_VREFBUF_HighImpedanceConfig
 .text.HAL_SYSCFG_DisableVREFBUF
                0x0000000008002b70       0x20 ./Drivers/STM32H7xx_HAL_Driver/Src/stm32h7xx_hal.o
                0x0000000008002b70                HAL_SYSCFG_DisableVREFBUF
 .text.__NVIC_SetPriorityGrouping
                0x0000000008002b90       0x48 ./Drivers/STM32H7xx_HAL_Driver/Src/stm32h7xx_hal_cortex.o
 .text.__NVIC_GetPriorityGrouping
                0x0000000008002bd8       0x1c ./Drivers/STM32H7xx_HAL_Driver/Src/stm32h7xx_hal_cortex.o
 .text.__NVIC_SetPriority
                0x0000000008002bf4       0x54 ./Drivers/STM32H7xx_HAL_Driver/Src/stm32h7xx_hal_cortex.o
 .text.NVIC_EncodePriority
                0x0000000008002c48       0x66 ./Drivers/STM32H7xx_HAL_Driver/Src/stm32h7xx_hal_cortex.o
 *fill*         0x0000000008002cae        0x2 
 .text.SysTick_Config
                0x0000000008002cb0       0x44 ./Drivers/STM32H7xx_HAL_Driver/Src/stm32h7xx_hal_cortex.o
 .text.HAL_NVIC_SetPriorityGrouping
                0x0000000008002cf4       0x16 ./Drivers/STM32H7xx_HAL_Driver/Src/stm32h7xx_hal_cortex.o
                0x0000000008002cf4                HAL_NVIC_SetPriorityGrouping
 .text.HAL_NVIC_SetPriority
                0x0000000008002d0a       0x34 ./Drivers/STM32H7xx_HAL_Driver/Src/stm32h7xx_hal_cortex.o
                0x0000000008002d0a                HAL_NVIC_SetPriority
 .text.HAL_SYSTICK_Config
                0x0000000008002d3e       0x18 ./Drivers/STM32H7xx_HAL_Driver/Src/stm32h7xx_hal_cortex.o
                0x0000000008002d3e                HAL_SYSTICK_Config
 *fill*         0x0000000008002d56        0x2 
 .text.HAL_GPIO_Init
                0x0000000008002d58      0x360 ./Drivers/STM32H7xx_HAL_Driver/Src/stm32h7xx_hal_gpio.o
                0x0000000008002d58                HAL_GPIO_Init
 .text.HAL_GPIO_ReadPin
                0x00000000080030b8       0x30 ./Drivers/STM32H7xx_HAL_Driver/Src/stm32h7xx_hal_gpio.o
                0x00000000080030b8                HAL_GPIO_ReadPin
 .text.HAL_GPIO_WritePin
                0x00000000080030e8       0x32 ./Drivers/STM32H7xx_HAL_Driver/Src/stm32h7xx_hal_gpio.o
                0x00000000080030e8                HAL_GPIO_WritePin
 .text.HAL_GPIO_TogglePin
                0x000000000800311a       0x34 ./Drivers/STM32H7xx_HAL_Driver/Src/stm32h7xx_hal_gpio.o
                0x000000000800311a                HAL_GPIO_TogglePin
 *fill*         0x000000000800314e        0x2 
 .text.HAL_PWR_EnableBkUpAccess
                0x0000000008003150       0x20 ./Drivers/STM32H7xx_HAL_Driver/Src/stm32h7xx_hal_pwr.o
                0x0000000008003150                HAL_PWR_EnableBkUpAccess
 .text.HAL_PWREx_ConfigSupply
                0x0000000008003170       0x74 ./Drivers/STM32H7xx_HAL_Driver/Src/stm32h7xx_hal_pwr_ex.o
                0x0000000008003170                HAL_PWREx_ConfigSupply
 .text.HAL_RCC_OscConfig
                0x00000000080031e4      0x858 ./Drivers/STM32H7xx_HAL_Driver/Src/stm32h7xx_hal_rcc.o
                0x00000000080031e4                HAL_RCC_OscConfig
 .text.HAL_RCC_ClockConfig
                0x0000000008003a3c      0x36c ./Drivers/STM32H7xx_HAL_Driver/Src/stm32h7xx_hal_rcc.o
                0x0000000008003a3c                HAL_RCC_ClockConfig
 .text.HAL_RCC_MCOConfig
                0x0000000008003da8       0xd4 ./Drivers/STM32H7xx_HAL_Driver/Src/stm32h7xx_hal_rcc.o
                0x0000000008003da8                HAL_RCC_MCOConfig
 .text.HAL_RCC_GetSysClockFreq
                0x0000000008003e7c      0x2f4 ./Drivers/STM32H7xx_HAL_Driver/Src/stm32h7xx_hal_rcc.o
                0x0000000008003e7c                HAL_RCC_GetSysClockFreq
 .text.HAL_RCC_GetHCLKFreq
                0x0000000008004170       0x60 ./Drivers/STM32H7xx_HAL_Driver/Src/stm32h7xx_hal_rcc.o
                0x0000000008004170                HAL_RCC_GetHCLKFreq
 .text.HAL_RCC_GetPCLK1Freq
                0x00000000080041d0       0x2c ./Drivers/STM32H7xx_HAL_Driver/Src/stm32h7xx_hal_rcc.o
                0x00000000080041d0                HAL_RCC_GetPCLK1Freq
 .text.HAL_RCC_GetPCLK2Freq
                0x00000000080041fc       0x2c ./Drivers/STM32H7xx_HAL_Driver/Src/stm32h7xx_hal_rcc.o
                0x00000000080041fc                HAL_RCC_GetPCLK2Freq
 .text.HAL_RCCEx_PeriphCLKConfig
                0x0000000008004228      0xe80 ./Drivers/STM32H7xx_HAL_Driver/Src/stm32h7xx_hal_rcc_ex.o
                0x0000000008004228                HAL_RCCEx_PeriphCLKConfig
 .text.HAL_RCCEx_GetD3PCLK1Freq
                0x00000000080050a8       0x2c ./Drivers/STM32H7xx_HAL_Driver/Src/stm32h7xx_hal_rcc_ex.o
                0x00000000080050a8                HAL_RCCEx_GetD3PCLK1Freq
 .text.HAL_RCCEx_GetPLL2ClockFreq
                0x00000000080050d4      0x2a8 ./Drivers/STM32H7xx_HAL_Driver/Src/stm32h7xx_hal_rcc_ex.o
                0x00000000080050d4                HAL_RCCEx_GetPLL2ClockFreq
 .text.HAL_RCCEx_GetPLL3ClockFreq
                0x000000000800537c      0x2a8 ./Drivers/STM32H7xx_HAL_Driver/Src/stm32h7xx_hal_rcc_ex.o
                0x000000000800537c                HAL_RCCEx_GetPLL3ClockFreq
 .text.RCCEx_PLL2_Config
                0x0000000008005624      0x164 ./Drivers/STM32H7xx_HAL_Driver/Src/stm32h7xx_hal_rcc_ex.o
 .text.RCCEx_PLL3_Config
                0x0000000008005788      0x164 ./Drivers/STM32H7xx_HAL_Driver/Src/stm32h7xx_hal_rcc_ex.o
 .text.HAL_RTC_Init
                0x00000000080058ec       0xf0 ./Drivers/STM32H7xx_HAL_Driver/Src/stm32h7xx_hal_rtc.o
                0x00000000080058ec                HAL_RTC_Init
 .text.HAL_RTC_WaitForSynchro
                0x00000000080059dc       0x4c ./Drivers/STM32H7xx_HAL_Driver/Src/stm32h7xx_hal_rtc.o
                0x00000000080059dc                HAL_RTC_WaitForSynchro
 .text.RTC_EnterInitMode
                0x0000000008005a28       0x66 ./Drivers/STM32H7xx_HAL_Driver/Src/stm32h7xx_hal_rtc.o
                0x0000000008005a28                RTC_EnterInitMode
 *fill*         0x0000000008005a8e        0x2 
 .text.RTC_ExitInitMode
                0x0000000008005a90       0x7c ./Drivers/STM32H7xx_HAL_Driver/Src/stm32h7xx_hal_rtc.o
                0x0000000008005a90                RTC_ExitInitMode
 .text.HAL_RTCEx_SetCalibrationOutPut
                0x0000000008005b0c       0x8e ./Drivers/STM32H7xx_HAL_Driver/Src/stm32h7xx_hal_rtc_ex.o
                0x0000000008005b0c                HAL_RTCEx_SetCalibrationOutPut
 *fill*         0x0000000008005b9a        0x2 
 .text.HAL_SRAM_Init
                0x0000000008005b9c       0xa0 ./Drivers/STM32H7xx_HAL_Driver/Src/stm32h7xx_hal_sram.o
                0x0000000008005b9c                HAL_SRAM_Init
 .text.HAL_UART_Init
                0x0000000008005c3c       0xa0 ./Drivers/STM32H7xx_HAL_Driver/Src/stm32h7xx_hal_uart.o
                0x0000000008005c3c                HAL_UART_Init
 .text.HAL_UART_Transmit
                0x0000000008005cdc      0x12c ./Drivers/STM32H7xx_HAL_Driver/Src/stm32h7xx_hal_uart.o
                0x0000000008005cdc                HAL_UART_Transmit
 .text.HAL_UART_Receive
                0x0000000008005e08      0x1a6 ./Drivers/STM32H7xx_HAL_Driver/Src/stm32h7xx_hal_uart.o
                0x0000000008005e08                HAL_UART_Receive
 *fill*         0x0000000008005fae        0x2 
 .text.UART_SetConfig
                0x0000000008005fb0      0xac0 ./Drivers/STM32H7xx_HAL_Driver/Src/stm32h7xx_hal_uart.o
                0x0000000008005fb0                UART_SetConfig
 .text.UART_AdvFeatureConfig
                0x0000000008006a70      0x144 ./Drivers/STM32H7xx_HAL_Driver/Src/stm32h7xx_hal_uart.o
                0x0000000008006a70                UART_AdvFeatureConfig
 .text.UART_CheckIdleState
                0x0000000008006bb4       0x96 ./Drivers/STM32H7xx_HAL_Driver/Src/stm32h7xx_hal_uart.o
                0x0000000008006bb4                UART_CheckIdleState
 .text.UART_WaitOnFlagUntilTimeout
                0x0000000008006c4a      0x190 ./Drivers/STM32H7xx_HAL_Driver/Src/stm32h7xx_hal_uart.o
                0x0000000008006c4a                UART_WaitOnFlagUntilTimeout
 .text.HAL_UARTEx_DisableFifoMode
                0x0000000008006dda       0x72 ./Drivers/STM32H7xx_HAL_Driver/Src/stm32h7xx_hal_uart_ex.o
                0x0000000008006dda                HAL_UARTEx_DisableFifoMode
 .text.HAL_UARTEx_SetTxFifoThreshold
                0x0000000008006e4c       0x7c ./Drivers/STM32H7xx_HAL_Driver/Src/stm32h7xx_hal_uart_ex.o
                0x0000000008006e4c                HAL_UARTEx_SetTxFifoThreshold
 .text.HAL_UARTEx_SetRxFifoThreshold
                0x0000000008006ec8       0x7c ./Drivers/STM32H7xx_HAL_Driver/Src/stm32h7xx_hal_uart_ex.o
                0x0000000008006ec8                HAL_UARTEx_SetRxFifoThreshold
 .text.UARTEx_SetNbDataToProcess
                0x0000000008006f44       0x9c ./Drivers/STM32H7xx_HAL_Driver/Src/stm32h7xx_hal_uart_ex.o
 .text.FMC_NORSRAM_Init
                0x0000000008006fe0      0x120 ./Drivers/STM32H7xx_HAL_Driver/Src/stm32h7xx_ll_fmc.o
                0x0000000008006fe0                FMC_NORSRAM_Init
 .text.FMC_NORSRAM_Timing_Init
                0x0000000008007100       0xa0 ./Drivers/STM32H7xx_HAL_Driver/Src/stm32h7xx_ll_fmc.o
                0x0000000008007100                FMC_NORSRAM_Timing_Init
 .text.FMC_NORSRAM_Extended_Timing_Init
                0x00000000080071a0       0x70 ./Drivers/STM32H7xx_HAL_Driver/Src/stm32h7xx_ll_fmc.o
                0x00000000080071a0                FMC_NORSRAM_Extended_Timing_Init
 .text.__libc_init_array
                0x0000000008007210       0x48 c:/st/stm32cubeide_1.3.0/stm32cubeide/plugins/com.st.stm32cube.ide.mcu.externaltools.gnu-tools-for-stm32.9-2020-q2-update.win32_2.0.0.202105311346/tools/bin/../lib/gcc/arm-none-eabi/9.3.1/../../../../arm-none-eabi/lib/thumb/v7e-m+dp/hard\libc_nano.a(lib_a-init.o)
                0x0000000008007210                __libc_init_array
 .text.memcpy   0x0000000008007258       0x1c c:/st/stm32cubeide_1.3.0/stm32cubeide/plugins/com.st.stm32cube.ide.mcu.externaltools.gnu-tools-for-stm32.9-2020-q2-update.win32_2.0.0.202105311346/tools/bin/../lib/gcc/arm-none-eabi/9.3.1/../../../../arm-none-eabi/lib/thumb/v7e-m+dp/hard\libc_nano.a(lib_a-memcpy-stub.o)
                0x0000000008007258                memcpy
 .text.memset   0x0000000008007274       0x10 c:/st/stm32cubeide_1.3.0/stm32cubeide/plugins/com.st.stm32cube.ide.mcu.externaltools.gnu-tools-for-stm32.9-2020-q2-update.win32_2.0.0.202105311346/tools/bin/../lib/gcc/arm-none-eabi/9.3.1/../../../../arm-none-eabi/lib/thumb/v7e-m+dp/hard\libc_nano.a(lib_a-memset.o)
                0x0000000008007274                memset
 *(.glue_7)
 .glue_7        0x0000000008007284        0x0 linker stubs
 *(.glue_7t)
 .glue_7t       0x0000000008007284        0x0 linker stubs
 *(.eh_frame)
 .eh_frame      0x0000000008007284        0x0 c:/st/stm32cubeide_1.3.0/stm32cubeide/plugins/com.st.stm32cube.ide.mcu.externaltools.gnu-tools-for-stm32.9-2020-q2-update.win32_2.0.0.202105311346/tools/bin/../lib/gcc/arm-none-eabi/9.3.1/thumb/v7e-m+dp/hard/crtbegin.o
 *(.init)
 .init          0x0000000008007284        0x4 c:/st/stm32cubeide_1.3.0/stm32cubeide/plugins/com.st.stm32cube.ide.mcu.externaltools.gnu-tools-for-stm32.9-2020-q2-update.win32_2.0.0.202105311346/tools/bin/../lib/gcc/arm-none-eabi/9.3.1/thumb/v7e-m+dp/hard/crti.o
                0x0000000008007284                _init
 .init          0x0000000008007288        0x8 c:/st/stm32cubeide_1.3.0/stm32cubeide/plugins/com.st.stm32cube.ide.mcu.externaltools.gnu-tools-for-stm32.9-2020-q2-update.win32_2.0.0.202105311346/tools/bin/../lib/gcc/arm-none-eabi/9.3.1/thumb/v7e-m+dp/hard/crtn.o
 *(.fini)
 .fini          0x0000000008007290        0x4 c:/st/stm32cubeide_1.3.0/stm32cubeide/plugins/com.st.stm32cube.ide.mcu.externaltools.gnu-tools-for-stm32.9-2020-q2-update.win32_2.0.0.202105311346/tools/bin/../lib/gcc/arm-none-eabi/9.3.1/thumb/v7e-m+dp/hard/crti.o
                0x0000000008007290                _fini
 .fini          0x0000000008007294        0x8 c:/st/stm32cubeide_1.3.0/stm32cubeide/plugins/com.st.stm32cube.ide.mcu.externaltools.gnu-tools-for-stm32.9-2020-q2-update.win32_2.0.0.202105311346/tools/bin/../lib/gcc/arm-none-eabi/9.3.1/thumb/v7e-m+dp/hard/crtn.o
                0x000000000800729c                . = ALIGN (0x4)
                0x000000000800729c                _etext = .

.vfp11_veneer   0x000000000800729c        0x0
 .vfp11_veneer  0x000000000800729c        0x0 linker stubs

.v4_bx          0x000000000800729c        0x0
 .v4_bx         0x000000000800729c        0x0 linker stubs

.iplt           0x000000000800729c        0x0
 .iplt          0x000000000800729c        0x0 c:/st/stm32cubeide_1.3.0/stm32cubeide/plugins/com.st.stm32cube.ide.mcu.externaltools.gnu-tools-for-stm32.9-2020-q2-update.win32_2.0.0.202105311346/tools/bin/../lib/gcc/arm-none-eabi/9.3.1/thumb/v7e-m+dp/hard/crtbegin.o

.rodata         0x000000000800729c      0xbe4
                0x000000000800729c                . = ALIGN (0x4)
 *(.rodata)
 .rodata        0x000000000800729c      0x497 ./Core/Src/STM32CAN_ContollerAreaNetwork.o
 *fill*         0x0000000008007733        0x1 
 .rodata        0x0000000008007734      0x714 ./Core/Src/main.o
 *(.rodata*)
 .rodata.D1CorePrescTable
                0x0000000008007e48       0x10 ./Core/Src/system_stm32h7xx.o
                0x0000000008007e48                D1CorePrescTable
 .rodata.UARTPrescTable
                0x0000000008007e58       0x18 ./Drivers/STM32H7xx_HAL_Driver/Src/stm32h7xx_hal_uart.o
                0x0000000008007e58                UARTPrescTable
 .rodata.numerator.12436
                0x0000000008007e70        0x8 ./Drivers/STM32H7xx_HAL_Driver/Src/stm32h7xx_hal_uart_ex.o
 .rodata.denominator.12437
                0x0000000008007e78        0x8 ./Drivers/STM32H7xx_HAL_Driver/Src/stm32h7xx_hal_uart_ex.o
                0x0000000008007e80                . = ALIGN (0x4)

.ARM.extab
 *(.ARM.extab* .gnu.linkonce.armextab.*)

.ARM            0x0000000008007e80        0x8
                0x0000000008007e80                __exidx_start = .
 *(.ARM.exidx*)
 .ARM.exidx     0x0000000008007e80        0x8 c:/st/stm32cubeide_1.3.0/stm32cubeide/plugins/com.st.stm32cube.ide.mcu.externaltools.gnu-tools-for-stm32.9-2020-q2-update.win32_2.0.0.202105311346/tools/bin/../lib/gcc/arm-none-eabi/9.3.1/thumb/v7e-m+dp/hard\libgcc.a(_udivmoddi4.o)
                0x0000000008007e88                __exidx_end = .

.rel.dyn        0x0000000008007e88        0x0
 .rel.iplt      0x0000000008007e88        0x0 c:/st/stm32cubeide_1.3.0/stm32cubeide/plugins/com.st.stm32cube.ide.mcu.externaltools.gnu-tools-for-stm32.9-2020-q2-update.win32_2.0.0.202105311346/tools/bin/../lib/gcc/arm-none-eabi/9.3.1/thumb/v7e-m+dp/hard/crtbegin.o

.preinit_array  0x0000000008007e88        0x0
                0x0000000008007e88                PROVIDE (__preinit_array_start = .)
 *(.preinit_array*)
                0x0000000008007e88                PROVIDE (__preinit_array_end = .)

.init_array     0x0000000008007e88        0x4
                0x0000000008007e88                PROVIDE (__init_array_start = .)
 *(SORT_BY_NAME(.init_array.*))
 *(.init_array*)
 .init_array    0x0000000008007e88        0x4 c:/st/stm32cubeide_1.3.0/stm32cubeide/plugins/com.st.stm32cube.ide.mcu.externaltools.gnu-tools-for-stm32.9-2020-q2-update.win32_2.0.0.202105311346/tools/bin/../lib/gcc/arm-none-eabi/9.3.1/thumb/v7e-m+dp/hard/crtbegin.o
                0x0000000008007e8c                PROVIDE (__init_array_end = .)

.fini_array     0x0000000008007e8c        0x4
                [!provide]                        PROVIDE (__fini_array_start = .)
 *(SORT_BY_NAME(.fini_array.*))
 *(.fini_array*)
 .fini_array    0x0000000008007e8c        0x4 c:/st/stm32cubeide_1.3.0/stm32cubeide/plugins/com.st.stm32cube.ide.mcu.externaltools.gnu-tools-for-stm32.9-2020-q2-update.win32_2.0.0.202105311346/tools/bin/../lib/gcc/arm-none-eabi/9.3.1/thumb/v7e-m+dp/hard/crtbegin.o
                [!provide]                        PROVIDE (__fini_array_end = .)
                0x0000000008007e90                _sidata = LOADADDR (.data)

.data           0x0000000024000000      0x5f4 load address 0x0000000008007e90
                0x0000000024000000                . = ALIGN (0x4)
                0x0000000024000000                _sdata = .
 *(.data)
 *(.data*)
 .data.pcSplashScreen
                0x0000000024000000      0x5e3 ./Core/Src/main.o
                0x0000000024000000                pcSplashScreen
 *fill*         0x00000000240005e3        0x1 
 .data.SystemCoreClock
                0x00000000240005e4        0x4 ./Core/Src/system_stm32h7xx.o
                0x00000000240005e4                SystemCoreClock
 .data.SystemD2Clock
                0x00000000240005e8        0x4 ./Core/Src/system_stm32h7xx.o
                0x00000000240005e8                SystemD2Clock
 .data.uwTickPrio
                0x00000000240005ec        0x4 ./Drivers/STM32H7xx_HAL_Driver/Src/stm32h7xx_hal.o
                0x00000000240005ec                uwTickPrio
 .data.uwTickFreq
                0x00000000240005f0        0x1 ./Drivers/STM32H7xx_HAL_Driver/Src/stm32h7xx_hal.o
                0x00000000240005f0                uwTickFreq
 *(.RamFunc)
 *(.RamFunc*)
                0x00000000240005f4                . = ALIGN (0x4)
 *fill*         0x00000000240005f1        0x3 
                0x00000000240005f4                _edata = .

.igot.plt       0x00000000240005f4        0x0 load address 0x0000000008008484
 .igot.plt      0x00000000240005f4        0x0 c:/st/stm32cubeide_1.3.0/stm32cubeide/plugins/com.st.stm32cube.ide.mcu.externaltools.gnu-tools-for-stm32.9-2020-q2-update.win32_2.0.0.202105311346/tools/bin/../lib/gcc/arm-none-eabi/9.3.1/thumb/v7e-m+dp/hard/crtbegin.o
                0x00000000240005f4                . = ALIGN (0x4)

.bss            0x00000000240005f4      0x5dc load address 0x0000000008008484
                0x00000000240005f4                _sbss = .
                0x00000000240005f4                __bss_start__ = _sbss
 *(.bss)
 .bss           0x00000000240005f4       0x1c c:/st/stm32cubeide_1.3.0/stm32cubeide/plugins/com.st.stm32cube.ide.mcu.externaltools.gnu-tools-for-stm32.9-2020-q2-update.win32_2.0.0.202105311346/tools/bin/../lib/gcc/arm-none-eabi/9.3.1/thumb/v7e-m+dp/hard/crtbegin.o
 *(.bss*)
 .bss.atsSTM32CAN_Callbacks
                0x0000000024000610       0x10 ./Core/Src/STM32CAN_ContollerAreaNetwork.o
                0x0000000024000610                atsSTM32CAN_Callbacks
 .bss.aiSTM32CAN_LastElementReadIndex
                0x0000000024000620        0x8 ./Core/Src/STM32CAN_ContollerAreaNetwork.o
                0x0000000024000620                aiSTM32CAN_LastElementReadIndex
 .bss.HAL_RCC_FDCAN_CLK_ENABLED
                0x0000000024000628        0x4 ./Core/Src/main.o
                0x0000000024000628                HAL_RCC_FDCAN_CLK_ENABLED
 .bss.CAN1_Test_Running
                0x000000002400062c        0x4 ./Core/Src/main.o
                0x000000002400062c                CAN1_Test_Running
 .bss.CAN2_Test_Running
                0x0000000024000630        0x4 ./Core/Src/main.o
                0x0000000024000630                CAN2_Test_Running
 .bss.FMC_Initialized
                0x0000000024000634        0x4 ./Core/Src/stm32h7xx_hal_msp.o
 *(COMMON)
 COMMON         0x0000000024000638      0x594 ./Core/Src/main.o
                0x0000000024000638                hi2c4
                0x0000000024000684                huart3
                0x0000000024000714                hi2c1
                0x0000000024000760                hi2c2
                0x00000000240007ac                hsram1
                0x00000000240007f8                hadc1
                0x000000002400085c                hadc3
                0x00000000240008c0                hrtc
                0x00000000240008e4                hfdcan1
                0x0000000024000984                huart4
                0x0000000024000a14                hspi1
                0x0000000024000a9c                huart2
                0x0000000024000b2c                hfdcan2
 COMMON         0x0000000024000bcc        0x4 ./Drivers/STM32H7xx_HAL_Driver/Src/stm32h7xx_hal.o
                0x0000000024000bcc                uwTick
                0x0000000024000bd0                . = ALIGN (0x4)
                0x0000000024000bd0                _ebss = .
                0x0000000024000bd0                __bss_end__ = _ebss

._user_heap_stack
                0x0000000024000bd0      0x600 load address 0x0000000008008484
                0x0000000024000bd0                . = ALIGN (0x8)
                [!provide]                        PROVIDE (end = .)
                0x0000000024000bd0                PROVIDE (_end = .)
                0x0000000024000dd0                . = (. + _Min_Heap_Size)
 *fill*         0x0000000024000bd0      0x200 
                0x00000000240011d0                . = (. + _Min_Stack_Size)
 *fill*         0x0000000024000dd0      0x400 
                0x00000000240011d0                . = ALIGN (0x8)

/DISCARD/
 libc.a(*)
 libm.a(*)
 libgcc.a(*)

.ARM.attributes
                0x0000000000000000       0x2e
 *(.ARM.attributes)
 .ARM.attributes
                0x0000000000000000       0x1e c:/st/stm32cubeide_1.3.0/stm32cubeide/plugins/com.st.stm32cube.ide.mcu.externaltools.gnu-tools-for-stm32.9-2020-q2-update.win32_2.0.0.202105311346/tools/bin/../lib/gcc/arm-none-eabi/9.3.1/thumb/v7e-m+dp/hard/crti.o
 .ARM.attributes
                0x000000000000001e       0x32 c:/st/stm32cubeide_1.3.0/stm32cubeide/plugins/com.st.stm32cube.ide.mcu.externaltools.gnu-tools-for-stm32.9-2020-q2-update.win32_2.0.0.202105311346/tools/bin/../lib/gcc/arm-none-eabi/9.3.1/thumb/v7e-m+dp/hard/crtbegin.o
 .ARM.attributes
                0x0000000000000050       0x32 ./Core/Src/STM32CAN_ContollerAreaNetwork.o
 .ARM.attributes
                0x0000000000000082       0x32 ./Core/Src/main.o
 .ARM.attributes
                0x00000000000000b4       0x32 ./Core/Src/stm32h7xx_hal_msp.o
 .ARM.attributes
                0x00000000000000e6       0x32 ./Core/Src/stm32h7xx_it.o
 .ARM.attributes
                0x0000000000000118       0x32 ./Core/Src/system_stm32h7xx.o
 .ARM.attributes
                0x000000000000014a       0x21 ./Core/Startup/startup_stm32h753zitx.o
 .ARM.attributes
                0x000000000000016b       0x32 ./Drivers/STM32H7xx_HAL_Driver/Src/stm32h7xx_hal.o
 .ARM.attributes
                0x000000000000019d       0x32 ./Drivers/STM32H7xx_HAL_Driver/Src/stm32h7xx_hal_cortex.o
 .ARM.attributes
                0x00000000000001cf       0x32 ./Drivers/STM32H7xx_HAL_Driver/Src/stm32h7xx_hal_gpio.o
 .ARM.attributes
                0x0000000000000201       0x32 ./Drivers/STM32H7xx_HAL_Driver/Src/stm32h7xx_hal_pwr.o
 .ARM.attributes
                0x0000000000000233       0x32 ./Drivers/STM32H7xx_HAL_Driver/Src/stm32h7xx_hal_pwr_ex.o
 .ARM.attributes
                0x0000000000000265       0x32 ./Drivers/STM32H7xx_HAL_Driver/Src/stm32h7xx_hal_rcc.o
 .ARM.attributes
                0x0000000000000297       0x32 ./Drivers/STM32H7xx_HAL_Driver/Src/stm32h7xx_hal_rcc_ex.o
 .ARM.attributes
                0x00000000000002c9       0x32 ./Drivers/STM32H7xx_HAL_Driver/Src/stm32h7xx_hal_rtc.o
 .ARM.attributes
                0x00000000000002fb       0x32 ./Drivers/STM32H7xx_HAL_Driver/Src/stm32h7xx_hal_rtc_ex.o
 .ARM.attributes
                0x000000000000032d       0x32 ./Drivers/STM32H7xx_HAL_Driver/Src/stm32h7xx_hal_sram.o
 .ARM.attributes
                0x000000000000035f       0x32 ./Drivers/STM32H7xx_HAL_Driver/Src/stm32h7xx_hal_uart.o
 .ARM.attributes
                0x0000000000000391       0x32 ./Drivers/STM32H7xx_HAL_Driver/Src/stm32h7xx_hal_uart_ex.o
 .ARM.attributes
                0x00000000000003c3       0x32 ./Drivers/STM32H7xx_HAL_Driver/Src/stm32h7xx_ll_fmc.o
 .ARM.attributes
                0x00000000000003f5       0x32 c:/st/stm32cubeide_1.3.0/stm32cubeide/plugins/com.st.stm32cube.ide.mcu.externaltools.gnu-tools-for-stm32.9-2020-q2-update.win32_2.0.0.202105311346/tools/bin/../lib/gcc/arm-none-eabi/9.3.1/../../../../arm-none-eabi/lib/thumb/v7e-m+dp/hard\libc_nano.a(lib_a-init.o)
 .ARM.attributes
                0x0000000000000427       0x32 c:/st/stm32cubeide_1.3.0/stm32cubeide/plugins/com.st.stm32cube.ide.mcu.externaltools.gnu-tools-for-stm32.9-2020-q2-update.win32_2.0.0.202105311346/tools/bin/../lib/gcc/arm-none-eabi/9.3.1/../../../../arm-none-eabi/lib/thumb/v7e-m+dp/hard\libc_nano.a(lib_a-memcpy-stub.o)
 .ARM.attributes
                0x0000000000000459       0x32 c:/st/stm32cubeide_1.3.0/stm32cubeide/plugins/com.st.stm32cube.ide.mcu.externaltools.gnu-tools-for-stm32.9-2020-q2-update.win32_2.0.0.202105311346/tools/bin/../lib/gcc/arm-none-eabi/9.3.1/../../../../arm-none-eabi/lib/thumb/v7e-m+dp/hard\libc_nano.a(lib_a-memset.o)
 .ARM.attributes
                0x000000000000048b       0x17 c:/st/stm32cubeide_1.3.0/stm32cubeide/plugins/com.st.stm32cube.ide.mcu.externaltools.gnu-tools-for-stm32.9-2020-q2-update.win32_2.0.0.202105311346/tools/bin/../lib/gcc/arm-none-eabi/9.3.1/../../../../arm-none-eabi/lib/thumb/v7e-m+dp/hard\libc_nano.a(lib_a-strlen.o)
 .ARM.attributes
                0x00000000000004a2       0x1e c:/st/stm32cubeide_1.3.0/stm32cubeide/plugins/com.st.stm32cube.ide.mcu.externaltools.gnu-tools-for-stm32.9-2020-q2-update.win32_2.0.0.202105311346/tools/bin/../lib/gcc/arm-none-eabi/9.3.1/thumb/v7e-m+dp/hard\libgcc.a(_aeabi_uldivmod.o)
 .ARM.attributes
                0x00000000000004c0       0x32 c:/st/stm32cubeide_1.3.0/stm32cubeide/plugins/com.st.stm32cube.ide.mcu.externaltools.gnu-tools-for-stm32.9-2020-q2-update.win32_2.0.0.202105311346/tools/bin/../lib/gcc/arm-none-eabi/9.3.1/thumb/v7e-m+dp/hard\libgcc.a(_udivmoddi4.o)
 .ARM.attributes
                0x00000000000004f2       0x1e c:/st/stm32cubeide_1.3.0/stm32cubeide/plugins/com.st.stm32cube.ide.mcu.externaltools.gnu-tools-for-stm32.9-2020-q2-update.win32_2.0.0.202105311346/tools/bin/../lib/gcc/arm-none-eabi/9.3.1/thumb/v7e-m+dp/hard\libgcc.a(_dvmd_tls.o)
 .ARM.attributes
                0x0000000000000510       0x1e c:/st/stm32cubeide_1.3.0/stm32cubeide/plugins/com.st.stm32cube.ide.mcu.externaltools.gnu-tools-for-stm32.9-2020-q2-update.win32_2.0.0.202105311346/tools/bin/../lib/gcc/arm-none-eabi/9.3.1/thumb/v7e-m+dp/hard/crtn.o
OUTPUT(OSSAT_Dev_OBC_HW_Test_Code.elf elf32-littlearm)
LOAD linker stubs
LOAD c:/st/stm32cubeide_1.3.0/stm32cubeide/plugins/com.st.stm32cube.ide.mcu.externaltools.gnu-tools-for-stm32.9-2020-q2-update.win32_2.0.0.202105311346/tools/bin/../lib/gcc/arm-none-eabi/9.3.1/../../../../arm-none-eabi/lib/thumb/v7e-m+dp/hard\libc.a
LOAD c:/st/stm32cubeide_1.3.0/stm32cubeide/plugins/com.st.stm32cube.ide.mcu.externaltools.gnu-tools-for-stm32.9-2020-q2-update.win32_2.0.0.202105311346/tools/bin/../lib/gcc/arm-none-eabi/9.3.1/../../../../arm-none-eabi/lib/thumb/v7e-m+dp/hard\libm.a
LOAD c:/st/stm32cubeide_1.3.0/stm32cubeide/plugins/com.st.stm32cube.ide.mcu.externaltools.gnu-tools-for-stm32.9-2020-q2-update.win32_2.0.0.202105311346/tools/bin/../lib/gcc/arm-none-eabi/9.3.1/thumb/v7e-m+dp/hard\libgcc.a

.debug_info     0x0000000000000000    0x258c7
 .debug_info    0x0000000000000000     0x2025 ./Core/Src/STM32CAN_ContollerAreaNetwork.o
 .debug_info    0x0000000000002025     0x4839 ./Core/Src/main.o
 .debug_info    0x000000000000685e     0x3c06 ./Core/Src/stm32h7xx_hal_msp.o
 .debug_info    0x000000000000a464      0xc69 ./Core/Src/stm32h7xx_it.o
 .debug_info    0x000000000000b0cd     0x1787 ./Core/Src/system_stm32h7xx.o
 .debug_info    0x000000000000c854       0x22 ./Core/Startup/startup_stm32h753zitx.o
 .debug_info    0x000000000000c876     0x1fa3 ./Drivers/STM32H7xx_HAL_Driver/Src/stm32h7xx_hal.o
 .debug_info    0x000000000000e819     0x1c19 ./Drivers/STM32H7xx_HAL_Driver/Src/stm32h7xx_hal_cortex.o
 .debug_info    0x0000000000010432     0x17e6 ./Drivers/STM32H7xx_HAL_Driver/Src/stm32h7xx_hal_gpio.o
 .debug_info    0x0000000000011c18     0x141f ./Drivers/STM32H7xx_HAL_Driver/Src/stm32h7xx_hal_pwr.o
 .debug_info    0x0000000000013037     0x1b45 ./Drivers/STM32H7xx_HAL_Driver/Src/stm32h7xx_hal_pwr_ex.o
 .debug_info    0x0000000000014b7c     0x1951 ./Drivers/STM32H7xx_HAL_Driver/Src/stm32h7xx_hal_rcc.o
 .debug_info    0x00000000000164cd     0x1d00 ./Drivers/STM32H7xx_HAL_Driver/Src/stm32h7xx_hal_rcc_ex.o
 .debug_info    0x00000000000181cd     0x19c0 ./Drivers/STM32H7xx_HAL_Driver/Src/stm32h7xx_hal_rtc.o
 .debug_info    0x0000000000019b8d     0x1e5b ./Drivers/STM32H7xx_HAL_Driver/Src/stm32h7xx_hal_rtc_ex.o
 .debug_info    0x000000000001b9e8     0x1898 ./Drivers/STM32H7xx_HAL_Driver/Src/stm32h7xx_hal_sram.o
 .debug_info    0x000000000001d280     0x558a ./Drivers/STM32H7xx_HAL_Driver/Src/stm32h7xx_hal_uart.o
 .debug_info    0x000000000002280a     0x19a9 ./Drivers/STM32H7xx_HAL_Driver/Src/stm32h7xx_hal_uart_ex.o
 .debug_info    0x00000000000241b3     0x1714 ./Drivers/STM32H7xx_HAL_Driver/Src/stm32h7xx_ll_fmc.o

.debug_abbrev   0x0000000000000000     0x3521
 .debug_abbrev  0x0000000000000000      0x2be ./Core/Src/STM32CAN_ContollerAreaNetwork.o
 .debug_abbrev  0x00000000000002be      0x3dc ./Core/Src/main.o
 .debug_abbrev  0x000000000000069a      0x2e2 ./Core/Src/stm32h7xx_hal_msp.o
 .debug_abbrev  0x000000000000097c      0x1ef ./Core/Src/stm32h7xx_it.o
 .debug_abbrev  0x0000000000000b6b      0x262 ./Core/Src/system_stm32h7xx.o
 .debug_abbrev  0x0000000000000dcd       0x12 ./Core/Startup/startup_stm32h753zitx.o
 .debug_abbrev  0x0000000000000ddf      0x31b ./Drivers/STM32H7xx_HAL_Driver/Src/stm32h7xx_hal.o
 .debug_abbrev  0x00000000000010fa      0x409 ./Drivers/STM32H7xx_HAL_Driver/Src/stm32h7xx_hal_cortex.o
 .debug_abbrev  0x0000000000001503      0x2cb ./Drivers/STM32H7xx_HAL_Driver/Src/stm32h7xx_hal_gpio.o
 .debug_abbrev  0x00000000000017ce      0x287 ./Drivers/STM32H7xx_HAL_Driver/Src/stm32h7xx_hal_pwr.o
 .debug_abbrev  0x0000000000001a55      0x350 ./Drivers/STM32H7xx_HAL_Driver/Src/stm32h7xx_hal_pwr_ex.o
 .debug_abbrev  0x0000000000001da5      0x322 ./Drivers/STM32H7xx_HAL_Driver/Src/stm32h7xx_hal_rcc.o
 .debug_abbrev  0x00000000000020c7      0x31d ./Drivers/STM32H7xx_HAL_Driver/Src/stm32h7xx_hal_rcc_ex.o
 .debug_abbrev  0x00000000000023e4      0x2af ./Drivers/STM32H7xx_HAL_Driver/Src/stm32h7xx_hal_rtc.o
 .debug_abbrev  0x0000000000002693      0x2d6 ./Drivers/STM32H7xx_HAL_Driver/Src/stm32h7xx_hal_rtc_ex.o
 .debug_abbrev  0x0000000000002969      0x28d ./Drivers/STM32H7xx_HAL_Driver/Src/stm32h7xx_hal_sram.o
 .debug_abbrev  0x0000000000002bf6      0x37d ./Drivers/STM32H7xx_HAL_Driver/Src/stm32h7xx_hal_uart.o
 .debug_abbrev  0x0000000000002f73      0x33d ./Drivers/STM32H7xx_HAL_Driver/Src/stm32h7xx_hal_uart_ex.o
 .debug_abbrev  0x00000000000032b0      0x271 ./Drivers/STM32H7xx_HAL_Driver/Src/stm32h7xx_ll_fmc.o

.debug_aranges  0x0000000000000000     0x1068
 .debug_aranges
                0x0000000000000000       0x88 ./Core/Src/STM32CAN_ContollerAreaNetwork.o
 .debug_aranges
                0x0000000000000088      0x148 ./Core/Src/main.o
 .debug_aranges
                0x00000000000001d0       0xa0 ./Core/Src/stm32h7xx_hal_msp.o
 .debug_aranges
                0x0000000000000270       0x80 ./Core/Src/stm32h7xx_it.o
 .debug_aranges
                0x00000000000002f0       0x28 ./Core/Src/system_stm32h7xx.o
 .debug_aranges
                0x0000000000000318       0x28 ./Core/Startup/startup_stm32h753zitx.o
 .debug_aranges
                0x0000000000000340      0x198 ./Drivers/STM32H7xx_HAL_Driver/Src/stm32h7xx_hal.o
 .debug_aranges
                0x00000000000004d8      0x120 ./Drivers/STM32H7xx_HAL_Driver/Src/stm32h7xx_hal_cortex.o
 .debug_aranges
                0x00000000000005f8       0x58 ./Drivers/STM32H7xx_HAL_Driver/Src/stm32h7xx_hal_gpio.o
 .debug_aranges
                0x0000000000000650       0xa0 ./Drivers/STM32H7xx_HAL_Driver/Src/stm32h7xx_hal_pwr.o
 .debug_aranges
                0x00000000000006f0      0x158 ./Drivers/STM32H7xx_HAL_Driver/Src/stm32h7xx_hal_pwr_ex.o
 .debug_aranges
                0x0000000000000848       0x88 ./Drivers/STM32H7xx_HAL_Driver/Src/stm32h7xx_hal_rcc.o
 .debug_aranges
                0x00000000000008d0       0xf8 ./Drivers/STM32H7xx_HAL_Driver/Src/stm32h7xx_hal_rcc_ex.o
 .debug_aranges
                0x00000000000009c8       0xc0 ./Drivers/STM32H7xx_HAL_Driver/Src/stm32h7xx_hal_rtc.o
 .debug_aranges
                0x0000000000000a88      0x178 ./Drivers/STM32H7xx_HAL_Driver/Src/stm32h7xx_hal_rtc_ex.o
 .debug_aranges
                0x0000000000000c00       0xb8 ./Drivers/STM32H7xx_HAL_Driver/Src/stm32h7xx_hal_sram.o
 .debug_aranges
                0x0000000000000cb8      0x248 ./Drivers/STM32H7xx_HAL_Driver/Src/stm32h7xx_hal_uart.o
 .debug_aranges
                0x0000000000000f00       0xa0 ./Drivers/STM32H7xx_HAL_Driver/Src/stm32h7xx_hal_uart_ex.o
 .debug_aranges
                0x0000000000000fa0       0xc8 ./Drivers/STM32H7xx_HAL_Driver/Src/stm32h7xx_ll_fmc.o

.debug_ranges   0x0000000000000000      0xf70
 .debug_ranges  0x0000000000000000       0x78 ./Core/Src/STM32CAN_ContollerAreaNetwork.o
 .debug_ranges  0x0000000000000078      0x138 ./Core/Src/main.o
 .debug_ranges  0x00000000000001b0       0x90 ./Core/Src/stm32h7xx_hal_msp.o
 .debug_ranges  0x0000000000000240       0x70 ./Core/Src/stm32h7xx_it.o
 .debug_ranges  0x00000000000002b0       0x18 ./Core/Src/system_stm32h7xx.o
 .debug_ranges  0x00000000000002c8       0x20 ./Core/Startup/startup_stm32h753zitx.o
 .debug_ranges  0x00000000000002e8      0x188 ./Drivers/STM32H7xx_HAL_Driver/Src/stm32h7xx_hal.o
 .debug_ranges  0x0000000000000470      0x110 ./Drivers/STM32H7xx_HAL_Driver/Src/stm32h7xx_hal_cortex.o
 .debug_ranges  0x0000000000000580       0x48 ./Drivers/STM32H7xx_HAL_Driver/Src/stm32h7xx_hal_gpio.o
 .debug_ranges  0x00000000000005c8       0x90 ./Drivers/STM32H7xx_HAL_Driver/Src/stm32h7xx_hal_pwr.o
 .debug_ranges  0x0000000000000658      0x148 ./Drivers/STM32H7xx_HAL_Driver/Src/stm32h7xx_hal_pwr_ex.o
 .debug_ranges  0x00000000000007a0       0x78 ./Drivers/STM32H7xx_HAL_Driver/Src/stm32h7xx_hal_rcc.o
 .debug_ranges  0x0000000000000818       0xe8 ./Drivers/STM32H7xx_HAL_Driver/Src/stm32h7xx_hal_rcc_ex.o
 .debug_ranges  0x0000000000000900       0xb0 ./Drivers/STM32H7xx_HAL_Driver/Src/stm32h7xx_hal_rtc.o
 .debug_ranges  0x00000000000009b0      0x168 ./Drivers/STM32H7xx_HAL_Driver/Src/stm32h7xx_hal_rtc_ex.o
 .debug_ranges  0x0000000000000b18       0xa8 ./Drivers/STM32H7xx_HAL_Driver/Src/stm32h7xx_hal_sram.o
 .debug_ranges  0x0000000000000bc0      0x268 ./Drivers/STM32H7xx_HAL_Driver/Src/stm32h7xx_hal_uart.o
 .debug_ranges  0x0000000000000e28       0x90 ./Drivers/STM32H7xx_HAL_Driver/Src/stm32h7xx_hal_uart_ex.o
 .debug_ranges  0x0000000000000eb8       0xb8 ./Drivers/STM32H7xx_HAL_Driver/Src/stm32h7xx_ll_fmc.o

.debug_macro    0x0000000000000000    0x3b0ae
 .debug_macro   0x0000000000000000      0x365 ./Core/Src/STM32CAN_ContollerAreaNetwork.o
 .debug_macro   0x0000000000000365      0xac0 ./Core/Src/STM32CAN_ContollerAreaNetwork.o
 .debug_macro   0x0000000000000e25      0x250 ./Core/Src/STM32CAN_ContollerAreaNetwork.o
 .debug_macro   0x0000000000001075       0x2e ./Core/Src/STM32CAN_ContollerAreaNetwork.o
 .debug_macro   0x00000000000010a3       0x3b ./Core/Src/STM32CAN_ContollerAreaNetwork.o
 .debug_macro   0x00000000000010de       0x22 ./Core/Src/STM32CAN_ContollerAreaNetwork.o
 .debug_macro   0x0000000000001100       0x8e ./Core/Src/STM32CAN_ContollerAreaNetwork.o
 .debug_macro   0x000000000000118e       0x51 ./Core/Src/STM32CAN_ContollerAreaNetwork.o
 .debug_macro   0x00000000000011df      0x103 ./Core/Src/STM32CAN_ContollerAreaNetwork.o
 .debug_macro   0x00000000000012e2       0x6a ./Core/Src/STM32CAN_ContollerAreaNetwork.o
 .debug_macro   0x000000000000134c      0x1df ./Core/Src/STM32CAN_ContollerAreaNetwork.o
 .debug_macro   0x000000000000152b       0x1c ./Core/Src/STM32CAN_ContollerAreaNetwork.o
 .debug_macro   0x0000000000001547       0x22 ./Core/Src/STM32CAN_ContollerAreaNetwork.o
 .debug_macro   0x0000000000001569      0x101 ./Core/Src/STM32CAN_ContollerAreaNetwork.o
 .debug_macro   0x000000000000166a     0x1305 ./Core/Src/STM32CAN_ContollerAreaNetwork.o
 .debug_macro   0x000000000000296f      0x11f ./Core/Src/STM32CAN_ContollerAreaNetwork.o
 .debug_macro   0x0000000000002a8e       0x27 ./Core/Src/STM32CAN_ContollerAreaNetwork.o
 .debug_macro   0x0000000000002ab5    0x25ea4 ./Core/Src/STM32CAN_ContollerAreaNetwork.o
 .debug_macro   0x0000000000028959       0x6d ./Core/Src/STM32CAN_ContollerAreaNetwork.o
 .debug_macro   0x00000000000289c6     0x3d22 ./Core/Src/STM32CAN_ContollerAreaNetwork.o
 .debug_macro   0x000000000002c6e8      0x174 ./Core/Src/STM32CAN_ContollerAreaNetwork.o
 .debug_macro   0x000000000002c85c       0x52 ./Core/Src/STM32CAN_ContollerAreaNetwork.o
 .debug_macro   0x000000000002c8ae       0x17 ./Core/Src/STM32CAN_ContollerAreaNetwork.o
 .debug_macro   0x000000000002c8c5       0x3c ./Core/Src/STM32CAN_ContollerAreaNetwork.o
 .debug_macro   0x000000000002c901       0x34 ./Core/Src/STM32CAN_ContollerAreaNetwork.o
 .debug_macro   0x000000000002c935       0x16 ./Core/Src/STM32CAN_ContollerAreaNetwork.o
 .debug_macro   0x000000000002c94b       0x43 ./Core/Src/STM32CAN_ContollerAreaNetwork.o
 .debug_macro   0x000000000002c98e       0x34 ./Core/Src/STM32CAN_ContollerAreaNetwork.o
 .debug_macro   0x000000000002c9c2       0x10 ./Core/Src/STM32CAN_ContollerAreaNetwork.o
 .debug_macro   0x000000000002c9d2       0x58 ./Core/Src/STM32CAN_ContollerAreaNetwork.o
 .debug_macro   0x000000000002ca2a       0x71 ./Core/Src/STM32CAN_ContollerAreaNetwork.o
 .debug_macro   0x000000000002ca9b       0x1c ./Core/Src/STM32CAN_ContollerAreaNetwork.o
 .debug_macro   0x000000000002cab7      0x12a ./Core/Src/STM32CAN_ContollerAreaNetwork.o
 .debug_macro   0x000000000002cbe1      0x333 ./Core/Src/STM32CAN_ContollerAreaNetwork.o
 .debug_macro   0x000000000002cf14      0x1a9 ./Core/Src/STM32CAN_ContollerAreaNetwork.o
 .debug_macro   0x000000000002d0bd       0x5d ./Core/Src/STM32CAN_ContollerAreaNetwork.o
 .debug_macro   0x000000000002d11a     0x240e ./Core/Src/STM32CAN_ContollerAreaNetwork.o
 .debug_macro   0x000000000002f528     0x1002 ./Core/Src/STM32CAN_ContollerAreaNetwork.o
 .debug_macro   0x000000000003052a      0x14d ./Core/Src/STM32CAN_ContollerAreaNetwork.o
 .debug_macro   0x0000000000030677      0x114 ./Core/Src/STM32CAN_ContollerAreaNetwork.o
 .debug_macro   0x000000000003078b      0x3b2 ./Core/Src/STM32CAN_ContollerAreaNetwork.o
 .debug_macro   0x0000000000030b3d       0xac ./Core/Src/STM32CAN_ContollerAreaNetwork.o
 .debug_macro   0x0000000000030be9      0x72d ./Core/Src/STM32CAN_ContollerAreaNetwork.o
 .debug_macro   0x0000000000031316      0x228 ./Core/Src/STM32CAN_ContollerAreaNetwork.o
 .debug_macro   0x000000000003153e       0x66 ./Core/Src/STM32CAN_ContollerAreaNetwork.o
 .debug_macro   0x00000000000315a4      0x3bb ./Core/Src/STM32CAN_ContollerAreaNetwork.o
 .debug_macro   0x000000000003195f      0x3e4 ./Core/Src/STM32CAN_ContollerAreaNetwork.o
 .debug_macro   0x0000000000031d43      0x275 ./Core/Src/STM32CAN_ContollerAreaNetwork.o
 .debug_macro   0x0000000000031fb8     0x1036 ./Core/Src/STM32CAN_ContollerAreaNetwork.o
 .debug_macro   0x0000000000032fee      0x6c5 ./Core/Src/STM32CAN_ContollerAreaNetwork.o
 .debug_macro   0x00000000000336b3      0x36e ./Core/Src/STM32CAN_ContollerAreaNetwork.o
 .debug_macro   0x0000000000033a21      0xe42 ./Core/Src/STM32CAN_ContollerAreaNetwork.o
 .debug_macro   0x0000000000034863      0x3ca ./Core/Src/STM32CAN_ContollerAreaNetwork.o
 .debug_macro   0x0000000000034c2d      0x408 ./Core/Src/STM32CAN_ContollerAreaNetwork.o
 .debug_macro   0x0000000000035035       0x51 ./Core/Src/STM32CAN_ContollerAreaNetwork.o
 .debug_macro   0x0000000000035086       0x4a ./Core/Src/STM32CAN_ContollerAreaNetwork.o
 .debug_macro   0x00000000000350d0      0x512 ./Core/Src/STM32CAN_ContollerAreaNetwork.o
 .debug_macro   0x00000000000355e2      0x22c ./Core/Src/STM32CAN_ContollerAreaNetwork.o
 .debug_macro   0x000000000003580e       0x67 ./Core/Src/STM32CAN_ContollerAreaNetwork.o
 .debug_macro   0x0000000000035875       0xa5 ./Core/Src/STM32CAN_ContollerAreaNetwork.o
 .debug_macro   0x000000000003591a      0x1c4 ./Core/Src/STM32CAN_ContollerAreaNetwork.o
 .debug_macro   0x0000000000035ade      0x25e ./Core/Src/STM32CAN_ContollerAreaNetwork.o
 .debug_macro   0x0000000000035d3c       0x35 ./Core/Src/STM32CAN_ContollerAreaNetwork.o
 .debug_macro   0x0000000000035d71      0x321 ./Core/Src/STM32CAN_ContollerAreaNetwork.o
 .debug_macro   0x0000000000036092      0x662 ./Core/Src/STM32CAN_ContollerAreaNetwork.o
 .debug_macro   0x00000000000366f4       0xe4 ./Core/Src/STM32CAN_ContollerAreaNetwork.o
 .debug_macro   0x00000000000367d8      0x5e4 ./Core/Src/STM32CAN_ContollerAreaNetwork.o
 .debug_macro   0x0000000000036dbc       0x9e ./Core/Src/STM32CAN_ContollerAreaNetwork.o
 .debug_macro   0x0000000000036e5a      0x67e ./Core/Src/STM32CAN_ContollerAreaNetwork.o
 .debug_macro   0x00000000000374d8       0xa6 ./Core/Src/STM32CAN_ContollerAreaNetwork.o
 .debug_macro   0x000000000003757e      0x5a0 ./Core/Src/STM32CAN_ContollerAreaNetwork.o
 .debug_macro   0x0000000000037b1e       0x2e ./Core/Src/STM32CAN_ContollerAreaNetwork.o
 .debug_macro   0x0000000000037b4c      0x33c ./Core/Src/main.o
 .debug_macro   0x0000000000037e88      0x317 ./Core/Src/stm32h7xx_hal_msp.o
 .debug_macro   0x000000000003819f      0x321 ./Core/Src/stm32h7xx_it.o
 .debug_macro   0x00000000000384c0      0x30d ./Core/Src/system_stm32h7xx.o
 .debug_macro   0x00000000000387cd      0x337 ./Drivers/STM32H7xx_HAL_Driver/Src/stm32h7xx_hal.o
 .debug_macro   0x0000000000038b04      0x30d ./Drivers/STM32H7xx_HAL_Driver/Src/stm32h7xx_hal_cortex.o
 .debug_macro   0x0000000000038e11      0x314 ./Drivers/STM32H7xx_HAL_Driver/Src/stm32h7xx_hal_gpio.o
 .debug_macro   0x0000000000039125      0x331 ./Drivers/STM32H7xx_HAL_Driver/Src/stm32h7xx_hal_pwr.o
 .debug_macro   0x0000000000039456      0x346 ./Drivers/STM32H7xx_HAL_Driver/Src/stm32h7xx_hal_pwr_ex.o
 .debug_macro   0x000000000003979c      0x331 ./Drivers/STM32H7xx_HAL_Driver/Src/stm32h7xx_hal_rcc.o
 .debug_macro   0x0000000000039acd      0x32b ./Drivers/STM32H7xx_HAL_Driver/Src/stm32h7xx_hal_rcc_ex.o
 .debug_macro   0x0000000000039df8      0x30e ./Drivers/STM32H7xx_HAL_Driver/Src/stm32h7xx_hal_rtc.o
 .debug_macro   0x000000000003a106      0x313 ./Drivers/STM32H7xx_HAL_Driver/Src/stm32h7xx_hal_rtc_ex.o
 .debug_macro   0x000000000003a419      0x30d ./Drivers/STM32H7xx_HAL_Driver/Src/stm32h7xx_hal_sram.o
 .debug_macro   0x000000000003a726      0x338 ./Drivers/STM32H7xx_HAL_Driver/Src/stm32h7xx_hal_uart.o
 .debug_macro   0x000000000003aa5e      0x319 ./Drivers/STM32H7xx_HAL_Driver/Src/stm32h7xx_hal_uart_ex.o
 .debug_macro   0x000000000003ad77      0x337 ./Drivers/STM32H7xx_HAL_Driver/Src/stm32h7xx_ll_fmc.o

.debug_line     0x0000000000000000    0x15510
 .debug_line    0x0000000000000000     0x1010 ./Core/Src/STM32CAN_ContollerAreaNetwork.o
 .debug_line    0x0000000000001010     0x1653 ./Core/Src/main.o
 .debug_line    0x0000000000002663      0xdf0 ./Core/Src/stm32h7xx_hal_msp.o
 .debug_line    0x0000000000003453      0xa3b ./Core/Src/stm32h7xx_it.o
 .debug_line    0x0000000000003e8e      0xac5 ./Core/Src/system_stm32h7xx.o
 .debug_line    0x0000000000004953       0x88 ./Core/Startup/startup_stm32h753zitx.o
 .debug_line    0x00000000000049db      0xec6 ./Drivers/STM32H7xx_HAL_Driver/Src/stm32h7xx_hal.o
 .debug_line    0x00000000000058a1      0xecc ./Drivers/STM32H7xx_HAL_Driver/Src/stm32h7xx_hal_cortex.o
 .debug_line    0x000000000000676d      0xd89 ./Drivers/STM32H7xx_HAL_Driver/Src/stm32h7xx_hal_gpio.o
 .debug_line    0x00000000000074f6      0xb31 ./Drivers/STM32H7xx_HAL_Driver/Src/stm32h7xx_hal_pwr.o
 .debug_line    0x0000000000008027      0xfe0 ./Drivers/STM32H7xx_HAL_Driver/Src/stm32h7xx_hal_pwr_ex.o
 .debug_line    0x0000000000009007     0x1431 ./Drivers/STM32H7xx_HAL_Driver/Src/stm32h7xx_hal_rcc.o
 .debug_line    0x000000000000a438     0x1bdf ./Drivers/STM32H7xx_HAL_Driver/Src/stm32h7xx_hal_rcc_ex.o
 .debug_line    0x000000000000c017     0x12bf ./Drivers/STM32H7xx_HAL_Driver/Src/stm32h7xx_hal_rtc.o
 .debug_line    0x000000000000d2d6     0x17b6 ./Drivers/STM32H7xx_HAL_Driver/Src/stm32h7xx_hal_rtc_ex.o
 .debug_line    0x000000000000ea8c      0xf2a ./Drivers/STM32H7xx_HAL_Driver/Src/stm32h7xx_hal_sram.o
 .debug_line    0x000000000000f9b6     0x3f1f ./Drivers/STM32H7xx_HAL_Driver/Src/stm32h7xx_hal_uart.o
 .debug_line    0x00000000000138d5      0xfa4 ./Drivers/STM32H7xx_HAL_Driver/Src/stm32h7xx_hal_uart_ex.o
 .debug_line    0x0000000000014879      0xc97 ./Drivers/STM32H7xx_HAL_Driver/Src/stm32h7xx_ll_fmc.o

.debug_str      0x0000000000000000   0x184419
 .debug_str     0x0000000000000000   0x17da74 ./Core/Src/STM32CAN_ContollerAreaNetwork.o
                                     0x17e248 (size before relaxing)
 .debug_str     0x000000000017da74     0x1db7 ./Core/Src/main.o
                                     0x17f84a (size before relaxing)
 .debug_str     0x000000000017f82b      0x182 ./Core/Src/stm32h7xx_hal_msp.o
                                     0x17eeb4 (size before relaxing)
 .debug_str     0x000000000017f9ad      0x115 ./Core/Src/stm32h7xx_it.o
                                     0x17d0ec (size before relaxing)
 .debug_str     0x000000000017fac2      0x2f4 ./Core/Src/system_stm32h7xx.o
                                     0x17d51f (size before relaxing)
 .debug_str     0x000000000017fdb6       0x36 ./Core/Startup/startup_stm32h753zitx.o
                                         0x83 (size before relaxing)
 .debug_str     0x000000000017fdec      0xf01 ./Drivers/STM32H7xx_HAL_Driver/Src/stm32h7xx_hal.o
                                     0x17e35c (size before relaxing)
 .debug_str     0x0000000000180ced      0x393 ./Drivers/STM32H7xx_HAL_Driver/Src/stm32h7xx_hal_cortex.o
                                     0x17de64 (size before relaxing)
 .debug_str     0x0000000000181080      0x10d ./Drivers/STM32H7xx_HAL_Driver/Src/stm32h7xx_hal_gpio.o
                                     0x17d503 (size before relaxing)
 .debug_str     0x000000000018118d      0x29e ./Drivers/STM32H7xx_HAL_Driver/Src/stm32h7xx_hal_pwr.o
                                     0x17d4cc (size before relaxing)
 .debug_str     0x000000000018142b      0x61e ./Drivers/STM32H7xx_HAL_Driver/Src/stm32h7xx_hal_pwr_ex.o
                                     0x17d9a6 (size before relaxing)
 .debug_str     0x0000000000181a49      0x26c ./Drivers/STM32H7xx_HAL_Driver/Src/stm32h7xx_hal_rcc.o
                                     0x17d867 (size before relaxing)
 .debug_str     0x0000000000181cb5      0x665 ./Drivers/STM32H7xx_HAL_Driver/Src/stm32h7xx_hal_rcc_ex.o
                                     0x17dd2d (size before relaxing)
 .debug_str     0x000000000018231a      0x2b0 ./Drivers/STM32H7xx_HAL_Driver/Src/stm32h7xx_hal_rtc.o
                                     0x17d649 (size before relaxing)
 .debug_str     0x00000000001825ca      0x711 ./Drivers/STM32H7xx_HAL_Driver/Src/stm32h7xx_hal_rtc_ex.o
                                     0x17db15 (size before relaxing)
 .debug_str     0x0000000000182cdb      0x1f2 ./Drivers/STM32H7xx_HAL_Driver/Src/stm32h7xx_hal_sram.o
                                     0x17d763 (size before relaxing)
 .debug_str     0x0000000000182ecd      0xa0b ./Drivers/STM32H7xx_HAL_Driver/Src/stm32h7xx_hal_uart.o
                                     0x17e283 (size before relaxing)
 .debug_str     0x00000000001838d8      0x2e7 ./Drivers/STM32H7xx_HAL_Driver/Src/stm32h7xx_hal_uart_ex.o
                                     0x17d8ab (size before relaxing)
 .debug_str     0x0000000000183bbf      0x85a ./Drivers/STM32H7xx_HAL_Driver/Src/stm32h7xx_ll_fmc.o
                                     0x17da89 (size before relaxing)

.comment        0x0000000000000000       0x53
 .comment       0x0000000000000000       0x53 ./Core/Src/STM32CAN_ContollerAreaNetwork.o
                                         0x54 (size before relaxing)
 .comment       0x0000000000000053       0x54 ./Core/Src/main.o
 .comment       0x0000000000000053       0x54 ./Core/Src/stm32h7xx_hal_msp.o
 .comment       0x0000000000000053       0x54 ./Core/Src/stm32h7xx_it.o
 .comment       0x0000000000000053       0x54 ./Core/Src/system_stm32h7xx.o
 .comment       0x0000000000000053       0x54 ./Drivers/STM32H7xx_HAL_Driver/Src/stm32h7xx_hal.o
 .comment       0x0000000000000053       0x54 ./Drivers/STM32H7xx_HAL_Driver/Src/stm32h7xx_hal_cortex.o
 .comment       0x0000000000000053       0x54 ./Drivers/STM32H7xx_HAL_Driver/Src/stm32h7xx_hal_gpio.o
 .comment       0x0000000000000053       0x54 ./Drivers/STM32H7xx_HAL_Driver/Src/stm32h7xx_hal_pwr.o
 .comment       0x0000000000000053       0x54 ./Drivers/STM32H7xx_HAL_Driver/Src/stm32h7xx_hal_pwr_ex.o
 .comment       0x0000000000000053       0x54 ./Drivers/STM32H7xx_HAL_Driver/Src/stm32h7xx_hal_rcc.o
 .comment       0x0000000000000053       0x54 ./Drivers/STM32H7xx_HAL_Driver/Src/stm32h7xx_hal_rcc_ex.o
 .comment       0x0000000000000053       0x54 ./Drivers/STM32H7xx_HAL_Driver/Src/stm32h7xx_hal_rtc.o
 .comment       0x0000000000000053       0x54 ./Drivers/STM32H7xx_HAL_Driver/Src/stm32h7xx_hal_rtc_ex.o
 .comment       0x0000000000000053       0x54 ./Drivers/STM32H7xx_HAL_Driver/Src/stm32h7xx_hal_sram.o
 .comment       0x0000000000000053       0x54 ./Drivers/STM32H7xx_HAL_Driver/Src/stm32h7xx_hal_uart.o
 .comment       0x0000000000000053       0x54 ./Drivers/STM32H7xx_HAL_Driver/Src/stm32h7xx_hal_uart_ex.o
 .comment       0x0000000000000053       0x54 ./Drivers/STM32H7xx_HAL_Driver/Src/stm32h7xx_ll_fmc.o

.debug_frame    0x0000000000000000     0x43d0
 .debug_frame   0x0000000000000000      0x208 ./Core/Src/STM32CAN_ContollerAreaNetwork.o
 .debug_frame   0x0000000000000208      0x4bc ./Core/Src/main.o
 .debug_frame   0x00000000000006c4      0x284 ./Core/Src/stm32h7xx_hal_msp.o
 .debug_frame   0x0000000000000948      0x174 ./Core/Src/stm32h7xx_it.o
 .debug_frame   0x0000000000000abc       0x58 ./Core/Src/system_stm32h7xx.o
 .debug_frame   0x0000000000000b14      0x690 ./Drivers/STM32H7xx_HAL_Driver/Src/stm32h7xx_hal.o
 .debug_frame   0x00000000000011a4      0x4b8 ./Drivers/STM32H7xx_HAL_Driver/Src/stm32h7xx_hal_cortex.o
 .debug_frame   0x000000000000165c      0x14c ./Drivers/STM32H7xx_HAL_Driver/Src/stm32h7xx_hal_gpio.o
 .debug_frame   0x00000000000017a8      0x254 ./Drivers/STM32H7xx_HAL_Driver/Src/stm32h7xx_hal_pwr.o
 .debug_frame   0x00000000000019fc      0x580 ./Drivers/STM32H7xx_HAL_Driver/Src/stm32h7xx_hal_pwr_ex.o
 .debug_frame   0x0000000000001f7c      0x1f8 ./Drivers/STM32H7xx_HAL_Driver/Src/stm32h7xx_hal_rcc.o
 .debug_frame   0x0000000000002174      0x3f4 ./Drivers/STM32H7xx_HAL_Driver/Src/stm32h7xx_hal_rcc_ex.o
 .debug_frame   0x0000000000002568      0x32c ./Drivers/STM32H7xx_HAL_Driver/Src/stm32h7xx_hal_rtc.o
 .debug_frame   0x0000000000002894      0x6b0 ./Drivers/STM32H7xx_HAL_Driver/Src/stm32h7xx_hal_rtc_ex.o
 .debug_frame   0x0000000000002f44      0x314 ./Drivers/STM32H7xx_HAL_Driver/Src/stm32h7xx_hal_sram.o
 .debug_frame   0x0000000000003258      0xa8c ./Drivers/STM32H7xx_HAL_Driver/Src/stm32h7xx_hal_uart.o
 .debug_frame   0x0000000000003ce4      0x29c ./Drivers/STM32H7xx_HAL_Driver/Src/stm32h7xx_hal_uart_ex.o
 .debug_frame   0x0000000000003f80      0x37c ./Drivers/STM32H7xx_HAL_Driver/Src/stm32h7xx_ll_fmc.o
 .debug_frame   0x00000000000042fc       0x2c c:/st/stm32cubeide_1.3.0/stm32cubeide/plugins/com.st.stm32cube.ide.mcu.externaltools.gnu-tools-for-stm32.9-2020-q2-update.win32_2.0.0.202105311346/tools/bin/../lib/gcc/arm-none-eabi/9.3.1/../../../../arm-none-eabi/lib/thumb/v7e-m+dp/hard\libc_nano.a(lib_a-init.o)
 .debug_frame   0x0000000000004328       0x28 c:/st/stm32cubeide_1.3.0/stm32cubeide/plugins/com.st.stm32cube.ide.mcu.externaltools.gnu-tools-for-stm32.9-2020-q2-update.win32_2.0.0.202105311346/tools/bin/../lib/gcc/arm-none-eabi/9.3.1/../../../../arm-none-eabi/lib/thumb/v7e-m+dp/hard\libc_nano.a(lib_a-memcpy-stub.o)
 .debug_frame   0x0000000000004350       0x20 c:/st/stm32cubeide_1.3.0/stm32cubeide/plugins/com.st.stm32cube.ide.mcu.externaltools.gnu-tools-for-stm32.9-2020-q2-update.win32_2.0.0.202105311346/tools/bin/../lib/gcc/arm-none-eabi/9.3.1/../../../../arm-none-eabi/lib/thumb/v7e-m+dp/hard\libc_nano.a(lib_a-memset.o)
 .debug_frame   0x0000000000004370       0x2c c:/st/stm32cubeide_1.3.0/stm32cubeide/plugins/com.st.stm32cube.ide.mcu.externaltools.gnu-tools-for-stm32.9-2020-q2-update.win32_2.0.0.202105311346/tools/bin/../lib/gcc/arm-none-eabi/9.3.1/thumb/v7e-m+dp/hard\libgcc.a(_aeabi_uldivmod.o)
 .debug_frame   0x000000000000439c       0x34 c:/st/stm32cubeide_1.3.0/stm32cubeide/plugins/com.st.stm32cube.ide.mcu.externaltools.gnu-tools-for-stm32.9-2020-q2-update.win32_2.0.0.202105311346/tools/bin/../lib/gcc/arm-none-eabi/9.3.1/thumb/v7e-m+dp/hard\libgcc.a(_udivmoddi4.o)
