main.c:147:5:main	240	static
main.c:353:13:CAN1_Test	8	static
main.c:362:13:CAN2_Test	8	static
main.c:371:6:CAN1_ISR	56	static
main.c:399:6:CAN2_ISR	56	static
main.c:428:13:MRAM_CSTest	48	static
main.c:503:13:UART_Test	24	static
main.c:528:13:LVDS_DR_To_MOSI_Test	8	static
main.c:532:13:LVDS_DR_To_NSS_Test	8	static
main.c:536:13:LVDS_DR_To_SCK_Test	8	static
main.c:540:13:LVDS_EXTI9_To_MOSI_Test	8	static
main.c:544:13:LVDS_EXTI9_To_NSS_Test	8	static
main.c:548:13:LVDS_EXTI9_To_SCK_Test	8	static
main.c:554:13:LoopBackIoTest	40	static
main.c:584:13:GPIO_Test	264	static
main.c:675:13:ANALOGUE_Test	88	static
main.c:716:6:I2C1_Test	8	static
main.c:747:6:I2C2_Test	8	static
main.c:777:6:I2C4_Test	8	static
main.c:807:6:PPS_Test	16	static
main.c:872:6:MRAM_WriteTest	32	static
main.c:924:6:MRAM_ReadTest	40	static
main.c:991:6:SystemClock_Config	120	static
main.c:1061:13:MX_ADC1_Init	48	static
main.c:1128:13:MX_ADC3_Init	40	static
main.c:1186:13:MX_FDCAN1_Init	8	static
main.c:1239:13:MX_FDCAN2_Init	8	static
main.c:1292:13:MX_I2C1_Init	8	static
main.c:1340:13:MX_I2C2_Init	8	static
main.c:1388:13:MX_I2C4_Init	8	static
main.c:1436:13:MX_RTC_Init	8	static
main.c:1479:13:MX_SPI1_Init	8	static
main.c:1527:13:MX_UART4_Init	8	static
main.c:1575:13:MX_USART2_UART_Init	8	static
main.c:1623:13:MX_USART3_UART_Init	8	static
main.c:1667:13:MX_FMC_Init	40	static
main.c:1725:13:MX_GPIO_Init	64	static
main.c:1985:6:Error_Handler	4	static,ignoring_inline_asm
