stm32h7xx_it.c:69:6:NMI_Handler	4	static
stm32h7xx_it.c:84:6:HardFault_Handler	4	static
stm32h7xx_it.c:99:6:MemManage_Handler	4	static
stm32h7xx_it.c:114:6:BusFault_Handler	4	static
stm32h7xx_it.c:129:6:UsageFault_Handler	4	static
stm32h7xx_it.c:144:6:SVC_Handler	4	static
stm32h7xx_it.c:157:6:DebugMon_Handler	4	static
stm32h7xx_it.c:170:6:PendSV_Handler	4	static
stm32h7xx_it.c:183:6:SysTick_Handler	8	static
stm32h7xx_it.c:194:6:FDCAN1_IT0_IRQHandler	8	static
stm32h7xx_it.c:198:6:FDCAN2_IT0_IRQHandler	8	static
stm32h7xx_it.c:202:6:FDCAN1_IT1_IRQHandler	8	static
stm32h7xx_it.c:206:6:FDCAN2_IT1_IRQHandler	8	static
